Component: ARM Compiler 6.14 Tool: armlink [5db06800]

==============================================================================

Section Cross References

    mpu6050.o(.text.I2C1_Init) refers to gpio.o(.text.GPIO) for GPIO
    mpu6050.o(.text.I2C1_Init) refers to mpu6050.o(.text.I2C1_ResetCLK) for I2C1_ResetCLK
    mpu6050.o(.text.I2C1_Init) refers to gpio.o(.text.TogglePin) for TogglePin
    mpu6050.o(.text.I2C1_Init) refers to systick_delay.o(.text.delayms) for delayms
    mpu6050.o(.text.I2C1_Init) refers to gpio.o(.text.WritePin) for WritePin
    mpu6050.o(.ARM.exidx.text.I2C1_Init) refers to mpu6050.o(.text.I2C1_Init) for [Anonymous Symbol]
    mpu6050.o(.text.I2C1_ResetCLK) refers to gpio.o(.text.GPIO) for GPIO
    mpu6050.o(.text.I2C1_ResetCLK) refers to systick_delay.o(.text.delayms) for delayms
    mpu6050.o(.ARM.exidx.text.I2C1_ResetCLK) refers to mpu6050.o(.text.I2C1_ResetCLK) for [Anonymous Symbol]
    mpu6050.o(.text.MPU_Init) refers to gpio.o(.text.GPIO) for GPIO
    mpu6050.o(.text.MPU_Init) refers to gpio.o(.text.WritePin) for WritePin
    mpu6050.o(.text.MPU_Init) refers to mpu6050.o(.text.MPU_W) for MPU_W
    mpu6050.o(.text.MPU_Init) refers to systick_delay.o(.text.delayms) for delayms
    mpu6050.o(.ARM.exidx.text.MPU_Init) refers to mpu6050.o(.text.MPU_Init) for [Anonymous Symbol]
    mpu6050.o(.text.MPU_W) refers to mpu6050.o(.text.I2C1_Start) for I2C1_Start
    mpu6050.o(.text.MPU_W) refers to mpu6050.o(.text.MPU_RW) for MPU_RW
    mpu6050.o(.text.MPU_W) refers to mpu6050.o(.text.I2C1_Send1Byte) for I2C1_Send1Byte
    mpu6050.o(.text.MPU_W) refers to mpu6050.o(.text.I2C1_Stop) for I2C1_Stop
    mpu6050.o(.ARM.exidx.text.MPU_W) refers to mpu6050.o(.text.MPU_W) for [Anonymous Symbol]
    mpu6050.o(.ARM.exidx.text.MPU_RW) refers to mpu6050.o(.text.MPU_RW) for [Anonymous Symbol]
    mpu6050.o(.ARM.exidx.text.I2C1_Start) refers to mpu6050.o(.text.I2C1_Start) for [Anonymous Symbol]
    mpu6050.o(.ARM.exidx.text.I2C1_Stop) refers to mpu6050.o(.text.I2C1_Stop) for [Anonymous Symbol]
    mpu6050.o(.ARM.exidx.text.I2C1_Send1Byte) refers to mpu6050.o(.text.I2C1_Send1Byte) for [Anonymous Symbol]
    mpu6050.o(.text.FIFO_INT) refers to mpu6050.o(.text.MPU_W) for MPU_W
    mpu6050.o(.text.FIFO_INT) refers to systick_delay.o(.text.delayms) for delayms
    mpu6050.o(.ARM.exidx.text.FIFO_INT) refers to mpu6050.o(.text.FIFO_INT) for [Anonymous Symbol]
    mpu6050.o(.text.EXTI_Config) refers to gpio.o(.text.GPIO) for GPIO
    mpu6050.o(.text.EXTI_Config) refers to mpu6050.o(.text.NVIC_EnableIRQ) for NVIC_EnableIRQ
    mpu6050.o(.text.EXTI_Config) refers to mpu6050.o(.text.NVIC_SetPriorityGrouping) for NVIC_SetPriorityGrouping
    mpu6050.o(.text.EXTI_Config) refers to mpu6050.o(.text.NVIC_SetPriority) for NVIC_SetPriority
    mpu6050.o(.ARM.exidx.text.EXTI_Config) refers to mpu6050.o(.text.EXTI_Config) for [Anonymous Symbol]
    mpu6050.o(.ARM.exidx.text.NVIC_EnableIRQ) refers to mpu6050.o(.text.NVIC_EnableIRQ) for [Anonymous Symbol]
    mpu6050.o(.ARM.exidx.text.NVIC_SetPriorityGrouping) refers to mpu6050.o(.text.NVIC_SetPriorityGrouping) for [Anonymous Symbol]
    mpu6050.o(.ARM.exidx.text.NVIC_SetPriority) refers to mpu6050.o(.text.NVIC_SetPriority) for [Anonymous Symbol]
    mpu6050.o(.text.EXTI15_10_IRQHandler) refers to mpu6050.o(.text.DMA_Read) for DMA_Read
    mpu6050.o(.ARM.exidx.text.EXTI15_10_IRQHandler) refers to mpu6050.o(.text.EXTI15_10_IRQHandler) for [Anonymous Symbol]
    mpu6050.o(.text.DMA_Read) refers to mpu6050.o(.text.I2C1_Start) for I2C1_Start
    mpu6050.o(.text.DMA_Read) refers to mpu6050.o(.text.MPU_RW) for MPU_RW
    mpu6050.o(.text.DMA_Read) refers to mpu6050.o(.text.I2C1_Send1Byte) for I2C1_Send1Byte
    mpu6050.o(.ARM.exidx.text.DMA_Read) refers to mpu6050.o(.text.DMA_Read) for [Anonymous Symbol]
    mpu6050.o(.text.DMA1_I2C1_Config) refers to mpu6050.o(.text.NVIC_EnableIRQ) for NVIC_EnableIRQ
    mpu6050.o(.ARM.exidx.text.DMA1_I2C1_Config) refers to mpu6050.o(.text.DMA1_I2C1_Config) for [Anonymous Symbol]
    mpu6050.o(.text.DMA1_Channel7_IRQHandler) refers to mpu6050.o(.text.I2C1_Stop) for I2C1_Stop
    mpu6050.o(.text.DMA1_Channel7_IRQHandler) refers to mpu6050.o(.bss.flag_dma) for flag_dma
    mpu6050.o(.text.DMA1_Channel7_IRQHandler) refers to mpu6050.o(.text.MPU_R1Byte) for MPU_R1Byte
    mpu6050.o(.ARM.exidx.text.DMA1_Channel7_IRQHandler) refers to mpu6050.o(.text.DMA1_Channel7_IRQHandler) for [Anonymous Symbol]
    mpu6050.o(.text.MPU_R1Byte) refers to mpu6050.o(.text.I2C1_Start) for I2C1_Start
    mpu6050.o(.text.MPU_R1Byte) refers to mpu6050.o(.text.MPU_RW) for MPU_RW
    mpu6050.o(.text.MPU_R1Byte) refers to mpu6050.o(.text.I2C1_Send1Byte) for I2C1_Send1Byte
    mpu6050.o(.text.MPU_R1Byte) refers to mpu6050.o(.text.I2C1_Stop) for I2C1_Stop
    mpu6050.o(.text.MPU_R1Byte) refers to mpu6050.o(.text.I2C1_Read1Byte) for I2C1_Read1Byte
    mpu6050.o(.ARM.exidx.text.MPU_R1Byte) refers to mpu6050.o(.text.MPU_R1Byte) for [Anonymous Symbol]
[...]
    Removing pid.o(.bss.error_pre), (4 bytes).
    Removing pid.o(.bss.error_sum), (4 bytes).
    Removing system_stm32f10x.o(.text), (0 bytes).
    Removing system_stm32f10x.o(.ARM.exidx.text.SystemInit), (8 bytes).
    Removing system_stm32f10x.o(.text.SystemCoreClockUpdate), (110 bytes).
    Removing system_stm32f10x.o(.ARM.exidx.text.SystemCoreClockUpdate), (8 bytes).
    Removing system_stm32f10x.o(.data.SystemCoreClock), (4 bytes).
    Removing system_stm32f10x.o(.rodata.AHBPrescTable), (16 bytes).
    Removing gpio.o(.text), (0 bytes).
    Removing gpio.o(.ARM.exidx.text.GPIO), (8 bytes).
    Removing gpio.o(.text.ReadPin), (32 bytes).
    Removing gpio.o(.ARM.exidx.text.ReadPin), (8 bytes).
    Removing gpio.o(.text.ReadPort), (28 bytes).
    Removing gpio.o(.ARM.exidx.text.ReadPort), (8 bytes).
    Removing gpio.o(.ARM.exidx.text.WritePin), (8 bytes).
    Removing gpio.o(.text.WritePort), (30 bytes).
    Removing gpio.o(.ARM.exidx.text.WritePort), (8 bytes).
    Removing gpio.o(.ARM.exidx.text.TogglePin), (8 bytes).
    Removing stm32f10x_it.o(.text), (0 bytes).
    Removing stm32f10x_it.o(.ARM.exidx.text.NMI_Handler), (8 bytes).
    Removing stm32f10x_it.o(.ARM.exidx.text.HardFault_Handler), (8 bytes).
    Removing stm32f10x_it.o(.ARM.exidx.text.MemManage_Handler), (8 bytes).
    Removing stm32f10x_it.o(.ARM.exidx.text.BusFault_Handler), (8 bytes).
    Removing stm32f10x_it.o(.ARM.exidx.text.UsageFault_Handler), (8 bytes).
    Removing stm32f10x_it.o(.ARM.exidx.text.SVC_Handler), (8 bytes).
    Removing stm32f10x_it.o(.ARM.exidx.text.DebugMon_Handler), (8 bytes).
    Removing stm32f10x_it.o(.ARM.exidx.text.PendSV_Handler), (8 bytes).
    Removing stm32f10x_it.o(.ARM.exidx.text.SysTick_Handler), (8 bytes).
    Removing sysclock.o(.text), (0 bytes).
    Removing sysclock.o(.ARM.exidx.text.SysClock), (8 bytes).

90 unused section(s) (total 1443 bytes) removed from the image.

==============================================================================

Image Symbol Table

    Local Symbols

    Symbol Name                              Value     Ov Type        Size  Object(Section)

    ../Startup/startup_stm32f10x_md.s        0x00000000   Number         0  startup_stm32f10x_md.o ABSOLUTE
    ../clib/angel/boardlib.s                 0x00000000   Number         0  boardinit1.o ABSOLUTE
    ../clib/angel/boardlib.s                 0x00000000   Number         0  boardinit2.o ABSOLUTE
    ../clib/angel/boardlib.s                 0x00000000   Number         0  boardinit3.o ABSOLUTE
    ../clib/angel/boardlib.s                 0x00000000   Number         0  boardshut.o ABSOLUTE
    ../clib/angel/handlers.s                 0x00000000   Number         0  __scatter_zi.o ABSOLUTE
    ../clib/angel/kernel.s                   0x00000000   Number         0  __rtentry.o ABSOLUTE
    ../clib/angel/kernel.s                   0x00000000   Number         0  __rtentry2.o ABSOLUTE
    ../clib/angel/kernel.s                   0x00000000   Number         0  __rtentry4.o ABSOLUTE
    ../clib/angel/kernel.s                   0x00000000   Number         0  rtexit.o ABSOLUTE
    ../clib/angel/kernel.s                   0x00000000   Number         0  rtexit2.o ABSOLUTE
    ../clib/angel/rt.s                       0x00000000   Number         0  rt_locale.o ABSOLUTE
    ../clib/angel/rt.s                       0x00000000   Number         0  rt_locale_intlibspace.o ABSOLUTE
    ../clib/angel/rt.s                       0x00000000   Number         0  rt_errno_addr.o ABSOLUTE
    ../clib/angel/rt.s                       0x00000000   Number         0  rt_errno_addr_intlibspace.o ABSOLUTE
    ../clib/angel/rt.s                       0x00000000   Number         0  rt_raise.o ABSOLUTE
    ../clib/angel/scatter.s                  0x00000000   Number         0  __scatter.o ABSOLUTE
    ../clib/angel/startup.s                  0x00000000   Number         0  __main.o ABSOLUTE
    ../clib/angel/sys.s                      0x00000000   Number         0  libspace.o ABSOLUTE
    ../clib/angel/sys.s                      0x00000000   Number         0  sys_stackheap_outer.o ABSOLUTE
    ../clib/angel/sys.s                      0x00000000   Number         0  use_no_semi.o ABSOLUTE
    ../clib/angel/sys.s                      0x00000000   Number         0  indicate_semi.o ABSOLUTE
    ../clib/angel/sysapp.c                   0x00000000   Number         0  sys_command.o ABSOLUTE
    ../clib/angel/sysapp.c                   0x00000000   Number         0  sys_exit.o ABSOLUTE
    ../clib/angel/sysapp.c                   0x00000000   Number         0  sys_command_hlt.o ABSOLUTE
    ../clib/angel/sysapp.c                   0x00000000   Number         0  sys_exit_hlt.o ABSOLUTE
    ../clib/angel/sysapp.c                   0x00000000   Number         0  sys_wrch.o ABSOLUTE
    ../clib/angel/sysapp.c                   0x00000000   Number         0  sys_wrch_hlt.o ABSOLUTE
    ../clib/armsys.c                         0x00000000   Number         0  argv_veneer.o ABSOLUTE
    ../clib/armsys.c                         0x00000000   Number         0  argv_veneer.o ABSOLUTE
    ../clib/armsys.c                         0x00000000   Number         0  _get_argv_nomalloc.o ABSOLUTE
    ../clib/armsys.c                         0x00000000   Number         0  no_argv.o ABSOLUTE
    ../clib/bigflt.c                         0x00000000   Number         0  bigflt0.o ABSOLUTE
    ../clib/btod.s                           0x00000000   Number         0  btod.o ABSOLUTE
    ../clib/btod_accurate.c                  0x00000000   Number         0  btod_accurate.o ABSOLUTE
    ../clib/btod_accurate.c                  0x00000000   Number         0  btod_accurate_common.o ABSOLUTE
    ../clib/fenv.c                           0x00000000   Number         0  _rserrno.o ABSOLUTE
    ../clib/heapalloc.c                      0x00000000   Number         0  hrguard.o ABSOLUTE
    ../clib/heapaux.c                        0x00000000   Number         0  heapauxi.o ABSOLUTE
    ../clib/libinit.s                        0x00000000   Number         0  libinit.o ABSOLUTE
    ../clib/libinit.s                        0x00000000   Number         0  libinit2.o ABSOLUTE
    ../clib/libinit.s                        0x00000000   Number         0  libshutdown.o ABSOLUTE
    ../clib/libinit.s                        0x00000000   Number         0  libshutdown2.o ABSOLUTE
    ../clib/locale.s                         0x00000000   Number         0  lc_numeric_c.o ABSOLUTE
    ../clib/longlong.s                       0x00000000   Number         0  lludiv10.o ABSOLUTE
    ../clib/longlong.s                       0x00000000   Number         0  llushr.o ABSOLUTE
    ../clib/memcpset.s                       0x00000000   Number         0  strcmpv7m.o ABSOLUTE
    ../clib/misc.s                           0x00000000   Number         0  printf_stubs.o ABSOLUTE
    ../clib/printf.c                         0x00000000   Number         0  __2sprintf.o ABSOLUTE
    ../clib/printf.c                         0x00000000   Number         0  noretval__2sprintf.o ABSOLUTE
    ../clib/printf.c                         0x00000000   Number         0  __printf.o ABSOLUTE
    ../clib/printf.c                         0x00000000   Number         0  __printf_flags.o ABSOLUTE
    ../clib/printf.c                         0x00000000   Number         0  __printf_ss.o ABSOLUTE
    ../clib/printf.c                         0x00000000   Number         0  __printf_flags_ss.o ABSOLUTE
    ../clib/printf.c                         0x00000000   Number         0  __printf_wp.o ABSOLUTE
    ../clib/printf.c                         0x00000000   Number         0  __printf_flags_wp.o ABSOLUTE
    ../clib/printf.c                         0x00000000   Number         0  __printf_ss_wp.o ABSOLUTE
    ../clib/printf.c                         0x00000000   Number         0  __printf_flags_ss_wp.o ABSOLUTE
    ../clib/printf.c                         0x00000000   Number         0  _printf_fp_dec.o ABSOLUTE
    ../clib/printf.c                         0x00000000   Number         0  _printf_fp_dec_accurate.o ABSOLUTE
    ../clib/printf.c                         0x00000000   Number         0  _printf_char_common.o ABSOLUTE
    ../clib/printf.c                         0x00000000   Number         0  _sputc.o ABSOLUTE
    ../clib/printf.c                         0x00000000   Number         0  _printf_fp_infnan.o ABSOLUTE
    ../clib/printf.c                         0x00000000   Number         0  __printf_nopercent.o ABSOLUTE
    ../clib/printf_percent.s                 0x00000000   Number         0  _printf_f.o ABSOLUTE
    ../clib/printf_percent.s                 0x00000000   Number         0  _printf_percent.o ABSOLUTE
    ../clib/printf_percent.s                 0x00000000   Number         0  _printf_percent_end.o ABSOLUTE
    ../clib/signal.c                         0x00000000   Number         0  defsig_rtmem_outer.o ABSOLUTE
    ../clib/signal.c                         0x00000000   Number         0  defsig_rtmem_formal.o ABSOLUTE
    ../clib/signal.c                         0x00000000   Number         0  defsig_exit.o ABSOLUTE
    ../clib/signal.c                         0x00000000   Number         0  defsig_rtmem_inner.o ABSOLUTE
    ../clib/signal.c                         0x00000000   Number         0  __raise.o ABSOLUTE
    ../clib/signal.c                         0x00000000   Number         0  defsig_general.o ABSOLUTE
    ../clib/signal.c                         0x00000000   Number         0  defsig_abrt_inner.o ABSOLUTE
    ../clib/signal.c                         0x00000000   Number         0  defsig_fpe_inner.o ABSOLUTE
    ../clib/signal.c                         0x00000000   Number         0  defsig_rtred_inner.o ABSOLUTE
    ../clib/signal.c                         0x00000000   Number         0  defsig_stak_inner.o ABSOLUTE
    ../clib/signal.c                         0x00000000   Number         0  defsig_pvfn_inner.o ABSOLUTE
    ../clib/signal.c                         0x00000000   Number         0  defsig_cppl_inner.o ABSOLUTE
    ../clib/signal.c                         0x00000000   Number         0  defsig_segv_inner.o ABSOLUTE
    ../clib/signal.c                         0x00000000   Number         0  defsig_other.o ABSOLUTE
    ../clib/signal.s                         0x00000000   Number         0  defsig.o ABSOLUTE
    ../clib/stdlib.c                         0x00000000   Number         0  exit.o ABSOLUTE
    ../fplib/d2f.s                           0x00000000   Number         0  d2f.o ABSOLUTE
    ../fplib/daddsub.s                       0x00000000   Number         0  daddsub_clz.o ABSOLUTE
    ../fplib/dcheck1.s                       0x00000000   Number         0  dcheck1.o ABSOLUTE
    ../fplib/dcmpi.s                         0x00000000   Number         0  dcmpi.o ABSOLUTE
    ../fplib/ddiv.s                          0x00000000   Number         0  ddiv.o ABSOLUTE
    ../fplib/deqf.s                          0x00000000   Number         0  deqf.o ABSOLUTE
    ../fplib/dflt.s                          0x00000000   Number         0  dflt_clz.o ABSOLUTE
    ../fplib/dmul.s                          0x00000000   Number         0  dmul.o ABSOLUTE
    ../fplib/dnaninf.s                       0x00000000   Number         0  dnaninf.o ABSOLUTE
    ../fplib/dretinf.s                       0x00000000   Number         0  dretinf.o ABSOLUTE
    ../fplib/f2d.s                           0x00000000   Number         0  f2d.o ABSOLUTE
    ../fplib/faddsub.s                       0x00000000   Number         0  faddsub_clz.o ABSOLUTE
    ../fplib/fcmp.s                          0x00000000   Number         0  fcmp.o ABSOLUTE
    ../fplib/fcmpi.s                         0x00000000   Number         0  fcmpi.o ABSOLUTE
    ../fplib/fdiv.s                          0x00000000   Number         0  fdiv.o ABSOLUTE
    ../fplib/feqf.s                          0x00000000   Number         0  feqf.o ABSOLUTE
    ../fplib/ffix.s                          0x00000000   Number         0  ffix.o ABSOLUTE
    ../fplib/fgeqf.s                         0x00000000   Number         0  fgeqf.o ABSOLUTE
    ../fplib/fleqf.s                         0x00000000   Number         0  fleqf.o ABSOLUTE
    ../fplib/fmul.s                          0x00000000   Number         0  fmul.o ABSOLUTE
    ../fplib/fnaninf.s                       0x00000000   Number         0  fnaninf.o ABSOLUTE
    ../fplib/fpinit.s                        0x00000000   Number         0  fpinit.o ABSOLUTE
    ../fplib/fpinit_empty.s                  0x00000000   Number         0  fpinit_empty.o ABSOLUTE
    ../fplib/fretinf.s                       0x00000000   Number         0  fretinf.o ABSOLUTE
    ../fplib/istatus.s                       0x00000000   Number         0  istatus.o ABSOLUTE
    ../fplib/printf1.s                       0x00000000   Number         0  printf1.o ABSOLUTE
    ../fplib/retnan.s                        0x00000000   Number         0  retnan.o ABSOLUTE
    ../fplib/scalbn.s                        0x00000000   Number         0  scalbn.o ABSOLUTE
    ../fplib/trapv.s                         0x00000000   Number         0  trapv.o ABSOLUTE
    ../fplib/usenofp.s                       0x00000000   Number         0  usenofp.o ABSOLUTE
    ../mathlib/atan.c                        0x00000000   Number         0  atan.o ABSOLUTE
    ../mathlib/atan.c                        0x00000000   Number         0  atan_x.o ABSOLUTE
    ../mathlib/atan2.c                       0x00000000   Number         0  atan2.o ABSOLUTE
    ../mathlib/atan2.c                       0x00000000   Number         0  atan2_x.o ABSOLUTE
    ../mathlib/dunder.c                      0x00000000   Number         0  dunder.o ABSOLUTE
    ../mathlib/fpclassify.c                  0x00000000   Number         0  fpclassify.o ABSOLUTE
    ../mathlib/poly.c                        0x00000000   Number         0  poly.o ABSOLUTE
    ../mathlib/qnan.c                        0x00000000   Number         0  qnan.o ABSOLUTE
    PID.c                                    0x00000000   Number         0  pid.o ABSOLUTE
    SysClock.c                               0x00000000   Number         0  sysclock.o ABSOLUTE
    dc.s                                     0x00000000   Number         0  dc.o ABSOLUTE
    gpio.c                                   0x00000000   Number         0  gpio.o ABSOLUTE
    main.c                                   0x00000000   Number         0  main.o ABSOLUTE
    motor.c                                  0x00000000   Number         0  motor.o ABSOLUTE
    mpu6050.c                                0x00000000   Number         0  mpu6050.o ABSOLUTE
    stm32f10x_it.c                           0x00000000   Number         0  stm32f10x_it.o ABSOLUTE
    system_stm32f10x.c                       0x00000000   Number         0  system_stm32f10x.o ABSOLUTE
    systick_delay.c                          0x00000000   Number         0  systick_delay.o ABSOLUTE
    usbttl.c                                 0x00000000   Number         0  usbttl.o ABSOLUTE
    RESET                                    0x08000000   Section      236  startup_stm32f10x_md.o(RESET)
    !!!main                                  0x080000ec   Section        8  __main.o(!!!main)
    !!!scatter                               0x080000f4   Section       52  __scatter.o(!!!scatter)
    !!handler_zi                             0x08000128   Section       28  __scatter_zi.o(!!handler_zi)
    .ARM.Collect$$_printf_percent$$00000000  0x08000144   Section        0  _printf_percent.o(.ARM.Collect$$_printf_percent$$00000000)
    .ARM.Collect$$_printf_percent$$00000003  0x08000144   Section        6  _printf_f.o(.ARM.Collect$$_printf_percent$$00000003)
    .ARM.Collect$$_printf_percent$$00000017  0x0800014a   Section        4  _printf_percent_end.o(.ARM.Collect$$_printf_percent$$00000017)
    .ARM.Collect$$libinit$$00000000          0x0800014e   Section        2  libinit.o(.ARM.Collect$$libinit$$00000000)
    .ARM.Collect$$libinit$$00000002          0x08000150   Section        0  libinit2.o(.ARM.Collect$$libinit$$00000002)
    .ARM.Collect$$libinit$$00000004          0x08000150   Section        0  libinit2.o(.ARM.Collect$$libinit$$00000004)
    .ARM.Collect$$libinit$$0000000A          0x08000150   Section        0  libinit2.o(.ARM.Collect$$libinit$$0000000A)
    .ARM.Collect$$libinit$$0000000C          0x08000150   Section        0  libinit2.o(.ARM.Collect$$libinit$$0000000C)
    .ARM.Collect$$libinit$$0000000E          0x08000150   Section        0  libinit2.o(.ARM.Collect$$libinit$$0000000E)
    .ARM.Collect$$libinit$$0000000F          0x08000150   Section        6  libinit2.o(.ARM.Collect$$libinit$$0000000F)
    .ARM.Collect$$libinit$$00000011          0x08000156   Section        0  libinit2.o(.ARM.Collect$$libinit$$00000011)
    .ARM.Collect$$libinit$$00000013          0x08000156   Section        0  libinit2.o(.ARM.Collect$$libinit$$00000013)
    .ARM.Collect$$libinit$$00000015          0x08000156   Section        0  libinit2.o(.ARM.Collect$$libinit$$00000015)
    .ARM.Collect$$libinit$$00000016          0x08000156   Section       10  libinit2.o(.ARM.Collect$$libinit$$00000016)
    .ARM.Collect$$libinit$$00000017          0x08000160   Section        0  libinit2.o(.ARM.Collect$$libinit$$00000017)
    .ARM.Collect$$libinit$$00000019          0x08000160   Section        0  libinit2.o(.ARM.Collect$$libinit$$00000019)
    .ARM.Collect$$libinit$$0000001B          0x08000160   Section        0  libinit2.o(.ARM.Collect$$libinit$$0000001B)
    .ARM.Collect$$libinit$$0000001D          0x08000160   Section        0  libinit2.o(.ARM.Collect$$libinit$$0000001D)
    .ARM.Collect$$libinit$$0000001F          0x08000160   Section        0  libinit2.o(.ARM.Collect$$libinit$$0000001F)
    .ARM.Collect$$libinit$$00000021          0x08000160   Section        0  libinit2.o(.ARM.Collect$$libinit$$00000021)
    .ARM.Collect$$libinit$$00000023          0x08000160   Section        0  libinit2.o(.ARM.Collect$$libinit$$00000023)
    .ARM.Collect$$libinit$$00000025          0x08000160   Section        0  libinit2.o(.ARM.Collect$$libinit$$00000025)
    .ARM.Collect$$libinit$$0000002C          0x08000160   Section        0  libinit2.o(.ARM.Collect$$libinit$$0000002C)
    .ARM.Collect$$libinit$$0000002E          0x08000160   Section        0  libinit2.o(.ARM.Collect$$libinit$$0000002E)
    .ARM.Collect$$libinit$$00000030          0x08000160   Section        0  libinit2.o(.ARM.Collect$$libinit$$00000030)
    .ARM.Collect$$libinit$$00000032          0x08000160   Section        0  libinit2.o(.ARM.Collect$$libinit$$00000032)
    .ARM.Collect$$libinit$$00000033          0x08000160   Section        2  libinit2.o(.ARM.Collect$$libinit$$00000033)
    .ARM.Collect$$libshutdown$$00000000      0x08000162   Section        2  libshutdown.o(.ARM.Collect$$libshutdown$$00000000)
    .ARM.Collect$$libshutdown$$00000002      0x08000164   Section        0  libshutdown2.o(.ARM.Collect$$libshutdown$$00000002)
    .ARM.Collect$$libshutdown$$00000004      0x08000164   Section        0  libshutdown2.o(.ARM.Collect$$libshutdown$$00000004)
    .ARM.Collect$$libshutdown$$00000007      0x08000164   Section        0  libshutdown2.o(.ARM.Collect$$libshutdown$$00000007)
    .ARM.Collect$$libshutdown$$0000000A      0x08000164   Section        0  libshutdown2.o(.ARM.Collect$$libshutdown$$0000000A)
    .ARM.Collect$$libshutdown$$0000000C      0x08000164   Section        0  libshutdown2.o(.ARM.Collect$$libshutdown$$0000000C)
    .ARM.Collect$$libshutdown$$0000000F      0x08000164   Section        0  libshutdown2.o(.ARM.Collect$$libshutdown$$0000000F)
    .ARM.Collect$$libshutdown$$00000010      0x08000164   Section        2  libshutdown2.o(.ARM.Collect$$libshutdown$$00000010)
    .ARM.Collect$$rtentry$$00000000          0x08000166   Section        0  __rtentry.o(.ARM.Collect$$rtentry$$00000000)
    .ARM.Collect$$rtentry$$00000002          0x08000166   Section        0  __rtentry2.o(.ARM.Collect$$rtentry$$00000002)
    .ARM.Collect$$rtentry$$00000004          0x08000166   Section        6  __rtentry4.o(.ARM.Collect$$rtentry$$00000004)
    .ARM.Collect$$rtentry$$00000009          0x0800016c   Section        0  __rtentry2.o(.ARM.Collect$$rtentry$$00000009)
    .ARM.Collect$$rtentry$$0000000A          0x0800016c   Section        4  __rtentry2.o(.ARM.Collect$$rtentry$$0000000A)
    .ARM.Collect$$rtentry$$0000000C          0x08000170   Section        0  __rtentry2.o(.ARM.Collect$$rtentry$$0000000C)
    .ARM.Collect$$rtentry$$0000000D          0x08000170   Section        8  __rtentry2.o(.ARM.Collect$$rtentry$$0000000D)
    .ARM.Collect$$rtexit$$00000000           0x08000178   Section        2  rtexit.o(.ARM.Collect$$rtexit$$00000000)
    .ARM.Collect$$rtexit$$00000002           0x0800017a   Section        0  rtexit2.o(.ARM.Collect$$rtexit$$00000002)
    .ARM.Collect$$rtexit$$00000003           0x0800017a   Section        4  rtexit2.o(.ARM.Collect$$rtexit$$00000003)
    .ARM.Collect$$rtexit$$00000004           0x0800017e   Section        6  rtexit2.o(.ARM.Collect$$rtexit$$00000004)
    .text                                    0x08000184   Section       64  startup_stm32f10x_md.o(.text)
    .text                                    0x080001c4   Section        0  heapauxi.o(.text)
    .text                                    0x080001ca   Section        0  _rserrno.o(.text)
    _fp_digits                               0x080001e1   Thumb Code   432  _printf_fp_dec.o(.text)
    .text                                    0x080001e0   Section        0  _printf_fp_dec.o(.text)
    .text                                    0x080005fc   Section        8  rt_locale_intlibspace.o(.text)
    .text                                    0x08000604   Section        8  rt_errno_addr_intlibspace.o(.text)
    .text                                    0x0800060c   Section      138  lludiv10.o(.text)
    .text                                    0x08000698   Section        0  _printf_fp_infnan.o(.text)
    .text                                    0x08000718   Section        0  bigflt0.o(.text)
    .text                                    0x080007fc   Section        8  libspace.o(.text)
    .text                                    0x08000804   Section       74  sys_stackheap_outer.o(.text)
    .text                                    0x0800084e   Section        0  exit.o(.text)
    .text                                    0x08000860   Section      128  strcmpv7m.o(.text)
    .text                                    0x080008e0   Section        0  sys_exit.o(.text)
    .text                                    0x080008ec   Section        2  use_no_semi.o(.text)
    .text                                    0x080008ee   Section        0  indicate_semi.o(.text)
    [Anonymous Symbol]                       0x080008f0   Section        0  pid.o(.text.Angle)
    [Anonymous Symbol]                       0x08000990   Section        0  stm32f10x_it.o(.text.BusFault_Handler)
    [Anonymous Symbol]                       0x08000994   Section        0  mpu6050.o(.text.DMA1_Channel7_IRQHandler)
    [Anonymous Symbol]                       0x080009c4   Section        0  mpu6050.o(.text.DMA1_I2C1_Config)
    [Anonymous Symbol]                       0x08000a3c   Section        0  mpu6050.o(.text.DMA_Read)
    [Anonymous Symbol]                       0x08000a9c   Section        0  mpu6050.o(.text.Data_MPU)
    [Anonymous Symbol]                       0x08000b60   Section        0  stm32f10x_it.o(.text.DebugMon_Handler)
    [Anonymous Symbol]                       0x08000b64   Section        0  mpu6050.o(.text.EXTI15_10_IRQHandler)
    [Anonymous Symbol]                       0x08000b84   Section        0  mpu6050.o(.text.EXTI_Config)
    [Anonymous Symbol]                       0x08000bf0   Section        0  motor.o(.text.Encoder1_Init)
    [Anonymous Symbol]                       0x08000ca8   Section        0  motor.o(.text.Encoder2_Init)
    [Anonymous Symbol]                       0x08000d5c   Section        0  motor.o(.text.Encoder_Init)
    [Anonymous Symbol]                       0x08000d68   Section        0  mpu6050.o(.text.FIFO_INT)
    [Anonymous Symbol]                       0x08000da4   Section        0  gpio.o(.text.GPIO)
    [Anonymous Symbol]                       0x08000e14   Section        0  stm32f10x_it.o(.text.HardFault_Handler)
    [Anonymous Symbol]                       0x08000e18   Section        0  mpu6050.o(.text.I2C1_Init)
    [Anonymous Symbol]                       0x08000edc   Section        0  mpu6050.o(.text.I2C1_Read1Byte)
    [Anonymous Symbol]                       0x08000ef0   Section        0  mpu6050.o(.text.I2C1_ResetCLK)
    [Anonymous Symbol]                       0x08000fb4   Section        0  mpu6050.o(.text.I2C1_Send1Byte)
    [Anonymous Symbol]                       0x08000fd0   Section        0  mpu6050.o(.text.I2C1_Start)
    [Anonymous Symbol]                       0x08000fe8   Section        0  mpu6050.o(.text.I2C1_Stop)
    [Anonymous Symbol]                       0x08000ffc   Section        0  mpu6050.o(.text.MPU_FIFO_INT_Config)
    [Anonymous Symbol]                       0x08001028   Section        0  mpu6050.o(.text.MPU_Init)
    [Anonymous Symbol]                       0x08001080   Section        0  mpu6050.o(.text.MPU_R1Byte)
    [Anonymous Symbol]                       0x080010bc   Section        0  mpu6050.o(.text.MPU_RW)
    [Anonymous Symbol]                       0x080010d8   Section        0  mpu6050.o(.text.MPU_W)
    [Anonymous Symbol]                       0x080010fc   Section        0  stm32f10x_it.o(.text.MemManage_Handler)
    [Anonymous Symbol]                       0x08001100   Section        0  stm32f10x_it.o(.text.NMI_Handler)
    NVIC_EnableIRQ                           0x08001105   Thumb Code    26  mpu6050.o(.text.NVIC_EnableIRQ)
    [Anonymous Symbol]                       0x08001104   Section        0  mpu6050.o(.text.NVIC_EnableIRQ)
    NVIC_SetPriority                         0x08001121   Thumb Code    14  mpu6050.o(.text.NVIC_SetPriority)
    [Anonymous Symbol]                       0x08001120   Section        0  mpu6050.o(.text.NVIC_SetPriority)
    NVIC_SetPriorityGrouping                 0x08001131   Thumb Code    30  mpu6050.o(.text.NVIC_SetPriorityGrouping)
    [Anonymous Symbol]                       0x08001130   Section        0  mpu6050.o(.text.NVIC_SetPriorityGrouping)
    [Anonymous Symbol]                       0x08001150   Section        0  pid.o(.text.PID)
    [Anonymous Symbol]                       0x08001200   Section        0  motor.o(.text.PWM1)
    [Anonymous Symbol]                       0x08001214   Section        0  motor.o(.text.PWM1_Init)
    [Anonymous Symbol]                       0x080012ac   Section        0  motor.o(.text.PWM2)
    [Anonymous Symbol]                       0x080012c0   Section        0  motor.o(.text.PWM2_Init)
    [Anonymous Symbol]                       0x08001360   Section        0  motor.o(.text.PWM_Init)
    [Anonymous Symbol]                       0x0800136c   Section        0  motor.o(.text.PWM_Motor1)
    [Anonymous Symbol]                       0x080013a0   Section        0  motor.o(.text.PWM_Motor2)
    [Anonymous Symbol]                       0x080013d4   Section        0  stm32f10x_it.o(.text.PendSV_Handler)
    [Anonymous Symbol]                       0x080013d8   Section        0  stm32f10x_it.o(.text.SVC_Handler)
    [Anonymous Symbol]                       0x080013dc   Section        0  sysclock.o(.text.SysClock)
    [Anonymous Symbol]                       0x08001478   Section        0  stm32f10x_it.o(.text.SysTick_Handler)
    [Anonymous Symbol]                       0x0800147c   Section        0  system_stm32f10x.o(.text.SystemInit)
    [Anonymous Symbol]                       0x080014cc   Section        0  gpio.o(.text.TogglePin)
    [Anonymous Symbol]                       0x080014f0   Section        0  usbttl.o(.text.USART1_Init)
    [Anonymous Symbol]                       0x0800154c   Section        0  stm32f10x_it.o(.text.UsageFault_Handler)
    [Anonymous Symbol]                       0x08001550   Section        0  gpio.o(.text.WritePin)
    [Anonymous Symbol]                       0x0800157c   Section        0  systick_delay.o(.text.delayms)
    [Anonymous Symbol]                       0x080015c8   Section        0  main.o(.text.main)
    CL$$btod_d2e                             0x0800169e   Section       62  btod.o(CL$$btod_d2e)
    CL$$btod_d2e_denorm_low                  0x080016dc   Section       70  btod.o(CL$$btod_d2e_denorm_low)
    CL$$btod_d2e_norm_op1                    0x08001722   Section       96  btod.o(CL$$btod_d2e_norm_op1)
    CL$$btod_div_common                      0x08001782   Section      824  btod.o(CL$$btod_div_common)
    CL$$btod_e2e                             0x08001aba   Section      220  btod.o(CL$$btod_e2e)
    CL$$btod_ediv                            0x08001b96   Section       42  btod.o(CL$$btod_ediv)
    CL$$btod_emul                            0x08001bc0   Section       42  btod.o(CL$$btod_emul)
    CL$$btod_mult_common                     0x08001bea   Section      580  btod.o(CL$$btod_mult_common)
    i.__ARM_fpclassify                       0x08001e2e   Section        0  fpclassify.o(i.__ARM_fpclassify)
    i.__kernel_poly                          0x08001e56   Section        0  poly.o(i.__kernel_poly)
    i.__mathlib_dbl_infnan                   0x08001f00   Section        0  dunder.o(i.__mathlib_dbl_infnan)
    i.__mathlib_dbl_infnan2                  0x08001f06   Section        0  dunder.o(i.__mathlib_dbl_infnan2)
    i.__mathlib_dbl_underflow                0x08001f0c   Section        0  dunder.o(i.__mathlib_dbl_underflow)
    i.atan                                   0x08001f1c   Section        0  atan.o(i.atan)
    i.atan2                                  0x0800213c   Section        0  atan2.o(i.atan2)
    locale$$code                             0x080022d8   Section       44  lc_numeric_c.o(locale$$code)
    x$fpl$d2f                                0x08002304   Section       98  d2f.o(x$fpl$d2f)
    x$fpl$dadd                               0x08002368   Section      336  daddsub_clz.o(x$fpl$dadd)
    _dadd1                                   0x08002379   Thumb Code     0  daddsub_clz.o(x$fpl$dadd)
    x$fpl$dcheck1                            0x080024b8   Section       16  dcheck1.o(x$fpl$dcheck1)
    x$fpl$dcmpinf                            0x080024c8   Section       24  dcmpi.o(x$fpl$dcmpinf)
    x$fpl$ddiv                               0x080024e0   Section      688  ddiv.o(x$fpl$ddiv)
    ddiv_entry                               0x080024e7   Thumb Code     0  ddiv.o(x$fpl$ddiv)
    x$fpl$deqf                               0x08002790   Section      120  deqf.o(x$fpl$deqf)
    x$fpl$dflt                               0x08002808   Section       46  dflt_clz.o(x$fpl$dflt)
    x$fpl$dmul                               0x08002838   Section      340  dmul.o(x$fpl$dmul)
    x$fpl$dnaninf                            0x0800298c   Section      156  dnaninf.o(x$fpl$dnaninf)
    x$fpl$dretinf                            0x08002a28   Section       12  dretinf.o(x$fpl$dretinf)
    x$fpl$drsb                               0x08002a34   Section       22  daddsub_clz.o(x$fpl$drsb)
    x$fpl$dsub                               0x08002a4c   Section      468  daddsub_clz.o(x$fpl$dsub)
    _dsub1                                   0x08002a5d   Thumb Code     0  daddsub_clz.o(x$fpl$dsub)
    x$fpl$f2d                                0x08002c20   Section       86  f2d.o(x$fpl$f2d)
    x$fpl$fadd                               0x08002c78   Section      196  faddsub_clz.o(x$fpl$fadd)
    _fadd1                                   0x08002c87   Thumb Code     0  faddsub_clz.o(x$fpl$fadd)
    x$fpl$fcmp                               0x08002d3c   Section       84  fcmp.o(x$fpl$fcmp)
    x$fpl$fcmpinf                            0x08002d90   Section       24  fcmpi.o(x$fpl$fcmpinf)
    x$fpl$feqf                               0x08002da8   Section      104  feqf.o(x$fpl$feqf)
    x$fpl$ffix                               0x08002e10   Section       54  ffix.o(x$fpl$ffix)
    x$fpl$fgeqf                              0x08002e48   Section      104  fgeqf.o(x$fpl$fgeqf)
    x$fpl$fleqf                              0x08002eb0   Section      104  fleqf.o(x$fpl$fleqf)
    x$fpl$fmul                               0x08002f18   Section      258  fmul.o(x$fpl$fmul)
    x$fpl$fnaninf                            0x0800301a   Section      140  fnaninf.o(x$fpl$fnaninf)
    x$fpl$fretinf                            0x080030a6   Section       10  fretinf.o(x$fpl$fretinf)
    x$fpl$fsub                               0x080030b0   Section      234  faddsub_clz.o(x$fpl$fsub)
    _fsub1                                   0x080030bf   Thumb Code     0  faddsub_clz.o(x$fpl$fsub)
    x$fpl$printf1                            0x0800319a   Section        4  printf1.o(x$fpl$printf1)
    x$fpl$retnan                             0x0800319e   Section      100  retnan.o(x$fpl$retnan)
    x$fpl$scalbn                             0x08003202   Section       92  scalbn.o(x$fpl$scalbn)
    x$fpl$trapveneer                         0x0800325e   Section       48  trapv.o(x$fpl$trapveneer)
    x$fpl$usenofp                            0x0800328e   Section        0  usenofp.o(x$fpl$usenofp)
    atanhi                                   0x08003290   Data          32  atan.o(.constdata)
    .constdata                               0x08003290   Section      152  atan.o(.constdata)
    atanlo                                   0x080032b0   Data          32  atan.o(.constdata)
    aTodd                                    0x080032d0   Data          40  atan.o(.constdata)
    aTeven                                   0x080032f8   Data          48  atan.o(.constdata)
    .constdata                               0x08003328   Section        8  qnan.o(.constdata)
    tenpwrs_x                                0x08003330   Data          60  bigflt0.o(.constdata)
    .constdata                               0x08003330   Section      148  bigflt0.o(.constdata)
    tenpwrs_i                                0x0800336c   Data          64  bigflt0.o(.constdata)
    locale$$data                             0x080033d4   Section       28  lc_numeric_c.o(locale$$data)
    __lcnum_c_name                           0x080033d8   Data           2  lc_numeric_c.o(locale$$data)
    __lcnum_c_start                          0x080033e0   Data           0  lc_numeric_c.o(locale$$data)
    __lcnum_c_point                          0x080033ec   Data           0  lc_numeric_c.o(locale$$data)
    __lcnum_c_thousands                      0x080033ee   Data           0  lc_numeric_c.o(locale$$data)
    __lcnum_c_grouping                       0x080033ef   Data           0  lc_numeric_c.o(locale$$data)
    __lcnum_c_end                            0x080033f0   Data           0  lc_numeric_c.o(locale$$data)
    .bss                                     0x20000000   Section       96  libspace.o(.bss)
    Angle.robot_angle                        0x20000060   Data           4  pid.o(.bss.Angle.robot_angle)
    [Anonymous Symbol]                       0x20000060   Section        0  pid.o(.bss.Angle.robot_angle)
    Angle.x                                  0x20000064   Data           1  pid.o(.bss.Angle.x)
    [Anonymous Symbol]                       0x20000064   Section        0  pid.o(.bss.Angle.x)
    PID.error_sum                            0x20000068   Data           4  pid.o(.bss.PID.error_sum)
    [Anonymous Symbol]                       0x20000068   Section        0  pid.o(.bss.PID.error_sum)
    Heap_Mem                                 0x20000080   Data         512  startup_stm32f10x_md.o(HEAP)
    HEAP                                     0x20000080   Section      512  startup_stm32f10x_md.o(HEAP)
    Stack_Mem                                0x20000280   Data        1024  startup_stm32f10x_md.o(STACK)
    STACK                                    0x20000280   Section     1024  startup_stm32f10x_md.o(STACK)
    __initial_sp                             0x20000680   Data           0  startup_stm32f10x_md.o(STACK)

    Global Symbols

    Symbol Name                              Value     Ov Type        Size  Object(Section)

    BuildAttributes$$THM_ISAv4$P$D$K$B$S$PE$A:L22UL41UL21$X:L11$S22US41US21$IEEE1$IW$~IW$USESV6$~STKCKD$USESV7$~SHL$OTIME$ROPI$IEEEX$EBA8$UX$STANDARDLIB$REQ8$PRES8$EABIv2 0x00000000   Number         0  anon$$obj.o ABSOLUTE
    __fp_init_empty                          0x00000000   Number         0  fpinit_empty.o ABSOLUTE
    _printf_flags                            0x00000000   Number         0  printf_stubs.o ABSOLUTE
    _printf_return_value                     0x00000000   Number         0  printf_stubs.o ABSOLUTE
    _printf_sizespec                         0x00000000   Number         0  printf_stubs.o ABSOLUTE
    _printf_widthprec                        0x00000000   Number         0  printf_stubs.o ABSOLUTE
    __ARM_exceptions_init                     - Undefined Weak Reference
    __alloca_initialize                       - Undefined Weak Reference
    __arm_preinit_                            - Undefined Weak Reference
    __cpp_initialize__aeabi_                  - Undefined Weak Reference
    __cxa_finalize                            - Undefined Weak Reference
    __sigvec_lookup                           - Undefined Weak Reference
    _atexit_init                              - Undefined Weak Reference
    _call_atexit_fns                          - Undefined Weak Reference
    _clock_init                               - Undefined Weak Reference
    _fp_trap_init                             - Undefined Weak Reference
    _fp_trap_shutdown                         - Undefined Weak Reference
    _get_lc_collate                           - Undefined Weak Reference
    _get_lc_ctype                             - Undefined Weak Reference
    _get_lc_monetary                          - Undefined Weak Reference
    _get_lc_time                              - Undefined Weak Reference
    _getenv_init                              - Undefined Weak Reference
    _handle_redirection                       - Undefined Weak Reference
    _init_alloc                               - Undefined Weak Reference
    _init_user_alloc                          - Undefined Weak Reference
    _initio                                   - Undefined Weak Reference
    _printf_post_padding                      - Undefined Weak Reference
    _printf_pre_padding                       - Undefined Weak Reference
    _rand_init                                - Undefined Weak Reference
    _signal_finish                            - Undefined Weak Reference
    _signal_init                              - Undefined Weak Reference
    _terminate_alloc                          - Undefined Weak Reference
    _terminate_user_alloc                     - Undefined Weak Reference
    _terminateio                              - Undefined Weak Reference
    __Vectors_Size                           0x000000ec   Number         0  startup_stm32f10x_md.o ABSOLUTE
    __Vectors                                0x08000000   Data           4  startup_stm32f10x_md.o(RESET)
    __Vectors_End                            0x080000ec   Data           0  startup_stm32f10x_md.o(RESET)
    __main                                   0x080000ed   Thumb Code     8  __main.o(!!!main)
    __scatterload                            0x080000f5   Thumb Code     0  __scatter.o(!!!scatter)
    __scatterload_rt2                        0x080000f5   Thumb Code    44  __scatter.o(!!!scatter)
    __scatterload_rt2_thumb_only             0x080000f5   Thumb Code     0  __scatter.o(!!!scatter)
    __scatterload_null                       0x08000103   Thumb Code     0  __scatter.o(!!!scatter)
    __scatterload_zeroinit                   0x08000129   Thumb Code    28  __scatter_zi.o(!!handler_zi)
    _printf_f                                0x08000145   Thumb Code     0  _printf_f.o(.ARM.Collect$$_printf_percent$$00000003)
    _printf_percent                          0x08000145   Thumb Code     0  _printf_percent.o(.ARM.Collect$$_printf_percent$$00000000)
    _printf_percent_end                      0x0800014b   Thumb Code     0  _printf_percent_end.o(.ARM.Collect$$_printf_percent$$00000017)
    __rt_lib_init                            0x0800014f   Thumb Code     0  libinit.o(.ARM.Collect$$libinit$$00000000)
    __rt_lib_init_fp_1                       0x08000151   Thumb Code     0  libinit2.o(.ARM.Collect$$libinit$$00000002)
    __rt_lib_init_heap_1                     0x08000151   Thumb Code     0  libinit2.o(.ARM.Collect$$libinit$$0000000A)
    __rt_lib_init_lc_common                  0x08000151   Thumb Code     0  libinit2.o(.ARM.Collect$$libinit$$0000000F)
    __rt_lib_init_preinit_1                  0x08000151   Thumb Code     0  libinit2.o(.ARM.Collect$$libinit$$00000004)
    __rt_lib_init_rand_1                     0x08000151   Thumb Code     0  libinit2.o(.ARM.Collect$$libinit$$0000000E)
    __rt_lib_init_user_alloc_1               0x08000151   Thumb Code     0  libinit2.o(.ARM.Collect$$libinit$$0000000C)
    __rt_lib_init_lc_collate_1               0x08000157   Thumb Code     0  libinit2.o(.ARM.Collect$$libinit$$00000011)
    __rt_lib_init_lc_ctype_1                 0x08000157   Thumb Code     0  libinit2.o(.ARM.Collect$$libinit$$00000013)
    __rt_lib_init_lc_monetary_1              0x08000157   Thumb Code     0  libinit2.o(.ARM.Collect$$libinit$$00000015)
    __rt_lib_init_lc_numeric_2               0x08000157   Thumb Code     0  libinit2.o(.ARM.Collect$$libinit$$00000016)
    __rt_lib_init_alloca_1                   0x08000161   Thumb Code     0  libinit2.o(.ARM.Collect$$libinit$$0000002E)
    __rt_lib_init_argv_1                     0x08000161   Thumb Code     0  libinit2.o(.ARM.Collect$$libinit$$0000002C)
    __rt_lib_init_atexit_1                   0x08000161   Thumb Code     0  libinit2.o(.ARM.Collect$$libinit$$0000001B)
    __rt_lib_init_clock_1                    0x08000161   Thumb Code     0  libinit2.o(.ARM.Collect$$libinit$$00000021)
    __rt_lib_init_cpp_1                      0x08000161   Thumb Code     0  libinit2.o(.ARM.Collect$$libinit$$00000032)
    __rt_lib_init_exceptions_1               0x08000161   Thumb Code     0  libinit2.o(.ARM.Collect$$libinit$$00000030)
    __rt_lib_init_fp_trap_1                  0x08000161   Thumb Code     0  libinit2.o(.ARM.Collect$$libinit$$0000001F)
    __rt_lib_init_getenv_1                   0x08000161   Thumb Code     0  libinit2.o(.ARM.Collect$$libinit$$00000023)
    __rt_lib_init_lc_numeric_1               0x08000161   Thumb Code     0  libinit2.o(.ARM.Collect$$libinit$$00000017)
    __rt_lib_init_lc_time_1                  0x08000161   Thumb Code     0  libinit2.o(.ARM.Collect$$libinit$$00000019)
    __rt_lib_init_return                     0x08000161   Thumb Code     0  libinit2.o(.ARM.Collect$$libinit$$00000033)
    __rt_lib_init_signal_1                   0x08000161   Thumb Code     0  libinit2.o(.ARM.Collect$$libinit$$0000001D)
    __rt_lib_init_stdio_1                    0x08000161   Thumb Code     0  libinit2.o(.ARM.Collect$$libinit$$00000025)
    __rt_lib_shutdown                        0x08000163   Thumb Code     0  libshutdown.o(.ARM.Collect$$libshutdown$$00000000)
    __rt_lib_shutdown_cpp_1                  0x08000165   Thumb Code     0  libshutdown2.o(.ARM.Collect$$libshutdown$$00000002)
    __rt_lib_shutdown_fp_trap_1              0x08000165   Thumb Code     0  libshutdown2.o(.ARM.Collect$$libshutdown$$00000007)
    __rt_lib_shutdown_heap_1                 0x08000165   Thumb Code     0  libshutdown2.o(.ARM.Collect$$libshutdown$$0000000F)
    __rt_lib_shutdown_return                 0x08000165   Thumb Code     0  libshutdown2.o(.ARM.Collect$$libshutdown$$00000010)
    __rt_lib_shutdown_signal_1               0x08000165   Thumb Code     0  libshutdown2.o(.ARM.Collect$$libshutdown$$0000000A)
    __rt_lib_shutdown_stdio_1                0x08000165   Thumb Code     0  libshutdown2.o(.ARM.Collect$$libshutdown$$00000004)
    __rt_lib_shutdown_user_alloc_1           0x08000165   Thumb Code     0  libshutdown2.o(.ARM.Collect$$libshutdown$$0000000C)
    __rt_entry                               0x08000167   Thumb Code     0  __rtentry.o(.ARM.Collect$$rtentry$$00000000)
    __rt_entry_presh_1                       0x08000167   Thumb Code     0  __rtentry2.o(.ARM.Collect$$rtentry$$00000002)
    __rt_entry_sh                            0x08000167   Thumb Code     0  __rtentry4.o(.ARM.Collect$$rtentry$$00000004)
    __rt_entry_li                            0x0800016d   Thumb Code     0  __rtentry2.o(.ARM.Collect$$rtentry$$0000000A)
    __rt_entry_postsh_1                      0x0800016d   Thumb Code     0  __rtentry2.o(.ARM.Collect$$rtentry$$00000009)
    __rt_entry_main                          0x08000171   Thumb Code     0  __rtentry2.o(.ARM.Collect$$rtentry$$0000000D)
    __rt_entry_postli_1                      0x08000171   Thumb Code     0  __rtentry2.o(.ARM.Collect$$rtentry$$0000000C)
    __rt_exit                                0x08000179   Thumb Code     0  rtexit.o(.ARM.Collect$$rtexit$$00000000)
    __rt_exit_ls                             0x0800017b   Thumb Code     0  rtexit2.o(.ARM.Collect$$rtexit$$00000003)
    __rt_exit_prels_1                        0x0800017b   Thumb Code     0  rtexit2.o(.ARM.Collect$$rtexit$$00000002)
    __rt_exit_exit                           0x0800017f   Thumb Code     0  rtexit2.o(.ARM.Collect$$rtexit$$00000004)
    Reset_Handler                            0x08000185   Thumb Code     8  startup_stm32f10x_md.o(.text)
    ADC1_2_IRQHandler                        0x0800019f   Thumb Code     0  startup_stm32f10x_md.o(.text)
    CAN1_RX1_IRQHandler                      0x0800019f   Thumb Code     0  startup_stm32f10x_md.o(.text)
    CAN1_SCE_IRQHandler                      0x0800019f   Thumb Code     0  startup_stm32f10x_md.o(.text)
    DMA1_Channel1_IRQHandler                 0x0800019f   Thumb Code     0  startup_stm32f10x_md.o(.text)
    DMA1_Channel2_IRQHandler                 0x0800019f   Thumb Code     0  startup_stm32f10x_md.o(.text)
    DMA1_Channel3_IRQHandler                 0x0800019f   Thumb Code     0  startup_stm32f10x_md.o(.text)
    DMA1_Channel4_IRQHandler                 0x0800019f   Thumb Code     0  startup_stm32f10x_md.o(.text)
    DMA1_Channel5_IRQHandler                 0x0800019f   Thumb Code     0  startup_stm32f10x_md.o(.text)
    DMA1_Channel6_IRQHandler                 0x0800019f   Thumb Code     0  startup_stm32f10x_md.o(.text)
    EXTI0_IRQHandler                         0x0800019f   Thumb Code     0  startup_stm32f10x_md.o(.text)
    EXTI1_IRQHandler                         0x0800019f   Thumb Code     0  startup_stm32f10x_md.o(.text)
    EXTI2_IRQHandler                         0x0800019f   Thumb Code     0  startup_stm32f10x_md.o(.text)
    EXTI3_IRQHandler                         0x0800019f   Thumb Code     0  startup_stm32f10x_md.o(.text)
    EXTI4_IRQHandler                         0x0800019f   Thumb Code     0  startup_stm32f10x_md.o(.text)
    EXTI9_5_IRQHandler                       0x0800019f   Thumb Code     0  startup_stm32f10x_md.o(.text)
    FLASH_IRQHandler                         0x0800019f   Thumb Code     0  startup_stm32f10x_md.o(.text)
    I2C1_ER_IRQHandler                       0x0800019f   Thumb Code     0  startup_stm32f10x_md.o(.text)
    I2C1_EV_IRQHandler                       0x0800019f   Thumb Code     0  startup_stm32f10x_md.o(.text)
    I2C2_ER_IRQHandler                       0x0800019f   Thumb Code     0  startup_stm32f10x_md.o(.text)
    I2C2_EV_IRQHandler                       0x0800019f   Thumb Code     0  startup_stm32f10x_md.o(.text)
    PVD_IRQHandler                           0x0800019f   Thumb Code     0  startup_stm32f10x_md.o(.text)
    RCC_IRQHandler                           0x0800019f   Thumb Code     0  startup_stm32f10x_md.o(.text)
    RTCAlarm_IRQHandler                      0x0800019f   Thumb Code     0  startup_stm32f10x_md.o(.text)
    RTC_IRQHandler                           0x0800019f   Thumb Code     0  startup_stm32f10x_md.o(.text)
    SPI1_IRQHandler                          0x0800019f   Thumb Code     0  startup_stm32f10x_md.o(.text)
    SPI2_IRQHandler                          0x0800019f   Thumb Code     0  startup_stm32f10x_md.o(.text)
    TAMPER_IRQHandler                        0x0800019f   Thumb Code     0  startup_stm32f10x_md.o(.text)
    TIM1_BRK_IRQHandler                      0x0800019f   Thumb Code     0  startup_stm32f10x_md.o(.text)
    TIM1_CC_IRQHandler                       0x0800019f   Thumb Code     0  startup_stm32f10x_md.o(.text)
    TIM1_TRG_COM_IRQHandler                  0x0800019f   Thumb Code     0  startup_stm32f10x_md.o(.text)
    TIM1_UP_IRQHandler                       0x0800019f   Thumb Code     0  startup_stm32f10x_md.o(.text)
    TIM2_IRQHandler                          0x0800019f   Thumb Code     0  startup_stm32f10x_md.o(.text)
    TIM3_IRQHandler                          0x0800019f   Thumb Code     0  startup_stm32f10x_md.o(.text)
    TIM4_IRQHandler                          0x0800019f   Thumb Code     0  startup_stm32f10x_md.o(.text)
    USART1_IRQHandler                        0x0800019f   Thumb Code     0  startup_stm32f10x_md.o(.text)
    USART2_IRQHandler                        0x0800019f   Thumb Code     0  startup_stm32f10x_md.o(.text)
    USART3_IRQHandler                        0x0800019f   Thumb Code     0  startup_stm32f10x_md.o(.text)
    USBWakeUp_IRQHandler                     0x0800019f   Thumb Code     0  startup_stm32f10x_md.o(.text)
    USB_HP_CAN1_TX_IRQHandler                0x0800019f   Thumb Code     0  startup_stm32f10x_md.o(.text)
    USB_LP_CAN1_RX0_IRQHandler               0x0800019f   Thumb Code     0  startup_stm32f10x_md.o(.text)
    WWDG_IRQHandler                          0x0800019f   Thumb Code     0  startup_stm32f10x_md.o(.text)
    __user_initial_stackheap                 0x080001a1   Thumb Code     0  startup_stm32f10x_md.o(.text)
    __use_two_region_memory                  0x080001c5   Thumb Code     2  heapauxi.o(.text)
    __rt_heap_escrow$2region                 0x080001c7   Thumb Code     2  heapauxi.o(.text)
    __rt_heap_expand$2region                 0x080001c9   Thumb Code     2  heapauxi.o(.text)
    __read_errno                             0x080001cb   Thumb Code    10  _rserrno.o(.text)
    __set_errno                              0x080001d5   Thumb Code    12  _rserrno.o(.text)
    _printf_fp_dec_real                      0x08000391   Thumb Code   620  _printf_fp_dec.o(.text)
    __rt_locale                              0x080005fd   Thumb Code     8  rt_locale_intlibspace.o(.text)
    __aeabi_errno_addr                       0x08000605   Thumb Code     8  rt_errno_addr_intlibspace.o(.text)
    __errno$intlibspace                      0x08000605   Thumb Code     0  rt_errno_addr_intlibspace.o(.text)
    __rt_errno_addr$intlibspace              0x08000605   Thumb Code     0  rt_errno_addr_intlibspace.o(.text)
    _ll_udiv10                               0x0800060d   Thumb Code   138  lludiv10.o(.text)
    _printf_fp_infnan                        0x08000699   Thumb Code   112  _printf_fp_infnan.o(.text)
    _btod_etento                             0x08000719   Thumb Code   224  bigflt0.o(.text)
    __user_libspace                          0x080007fd   Thumb Code     8  libspace.o(.text)
    __user_perproc_libspace                  0x080007fd   Thumb Code     0  libspace.o(.text)
    __user_perthread_libspace                0x080007fd   Thumb Code     0  libspace.o(.text)
    __user_setup_stackheap                   0x08000805   Thumb Code    74  sys_stackheap_outer.o(.text)
    exit                                     0x0800084f   Thumb Code    18  exit.o(.text)
    strcmp                                   0x08000861   Thumb Code   128  strcmpv7m.o(.text)
    _sys_exit                                0x080008e1   Thumb Code     8  sys_exit.o(.text)
    __I$use$semihosting                      0x080008ed   Thumb Code     0  use_no_semi.o(.text)
    __use_no_semihosting_swi                 0x080008ed   Thumb Code     2  use_no_semi.o(.text)
    __semihosting_library_function           0x080008ef   Thumb Code     0  indicate_semi.o(.text)
    Angle                                    0x080008f1   Thumb Code   158  pid.o(.text.Angle)
    BusFault_Handler                         0x08000991   Thumb Code     2  stm32f10x_it.o(.text.BusFault_Handler)
    DMA1_Channel7_IRQHandler                 0x08000995   Thumb Code    46  mpu6050.o(.text.DMA1_Channel7_IRQHandler)
    DMA1_I2C1_Config                         0x080009c5   Thumb Code   120  mpu6050.o(.text.DMA1_I2C1_Config)
    DMA_Read                                 0x08000a3d   Thumb Code    96  mpu6050.o(.text.DMA_Read)
    Data_MPU                                 0x08000a9d   Thumb Code   196  mpu6050.o(.text.Data_MPU)
    DebugMon_Handler                         0x08000b61   Thumb Code     2  stm32f10x_it.o(.text.DebugMon_Handler)
    EXTI15_10_IRQHandler                     0x08000b65   Thumb Code    30  mpu6050.o(.text.EXTI15_10_IRQHandler)
    EXTI_Config                              0x08000b85   Thumb Code   108  mpu6050.o(.text.EXTI_Config)
    Encoder1_Init                            0x08000bf1   Thumb Code   184  motor.o(.text.Encoder1_Init)
    Encoder2_Init                            0x08000ca9   Thumb Code   178  motor.o(.text.Encoder2_Init)
    Encoder_Init                             0x08000d5d   Thumb Code    12  motor.o(.text.Encoder_Init)
    FIFO_INT                                 0x08000d69   Thumb Code    58  mpu6050.o(.text.FIFO_INT)
    GPIO                                     0x08000da5   Thumb Code   110  gpio.o(.text.GPIO)
    HardFault_Handler                        0x08000e15   Thumb Code     2  stm32f10x_it.o(.text.HardFault_Handler)
    I2C1_Init                                0x08000e19   Thumb Code   194  mpu6050.o(.text.I2C1_Init)
    I2C1_Read1Byte                           0x08000edd   Thumb Code    20  mpu6050.o(.text.I2C1_Read1Byte)
    I2C1_ResetCLK                            0x08000ef1   Thumb Code   196  mpu6050.o(.text.I2C1_ResetCLK)
    I2C1_Send1Byte                           0x08000fb5   Thumb Code    28  mpu6050.o(.text.I2C1_Send1Byte)
    I2C1_Start                               0x08000fd1   Thumb Code    24  mpu6050.o(.text.I2C1_Start)
    I2C1_Stop                                0x08000fe9   Thumb Code    18  mpu6050.o(.text.I2C1_Stop)
    MPU_FIFO_INT_Config                      0x08000ffd   Thumb Code    44  mpu6050.o(.text.MPU_FIFO_INT_Config)
    MPU_Init                                 0x08001029   Thumb Code    86  mpu6050.o(.text.MPU_Init)
    MPU_R1Byte                               0x08001081   Thumb Code    60  mpu6050.o(.text.MPU_R1Byte)
    MPU_RW                                   0x080010bd   Thumb Code    26  mpu6050.o(.text.MPU_RW)
    MPU_W                                    0x080010d9   Thumb Code    36  mpu6050.o(.text.MPU_W)
    MemManage_Handler                        0x080010fd   Thumb Code     2  stm32f10x_it.o(.text.MemManage_Handler)
    NMI_Handler                              0x08001101   Thumb Code     2  stm32f10x_it.o(.text.NMI_Handler)
    PID                                      0x08001151   Thumb Code   176  pid.o(.text.PID)
    PWM1                                     0x08001201   Thumb Code    18  motor.o(.text.PWM1)
    PWM1_Init                                0x08001215   Thumb Code   150  motor.o(.text.PWM1_Init)
    PWM2                                     0x080012ad   Thumb Code    18  motor.o(.text.PWM2)
    PWM2_Init                                0x080012c1   Thumb Code   158  motor.o(.text.PWM2_Init)
    PWM_Init                                 0x08001361   Thumb Code    12  motor.o(.text.PWM_Init)
    PWM_Motor1                               0x0800136d   Thumb Code    52  motor.o(.text.PWM_Motor1)
    PWM_Motor2                               0x080013a1   Thumb Code    52  motor.o(.text.PWM_Motor2)
    PendSV_Handler                           0x080013d5   Thumb Code     2  stm32f10x_it.o(.text.PendSV_Handler)
    SVC_Handler                              0x080013d9   Thumb Code     2  stm32f10x_it.o(.text.SVC_Handler)
    SysClock                                 0x080013dd   Thumb Code   156  sysclock.o(.text.SysClock)
    SysTick_Handler                          0x08001479   Thumb Code     2  stm32f10x_it.o(.text.SysTick_Handler)
    SystemInit                               0x0800147d   Thumb Code    80  system_stm32f10x.o(.text.SystemInit)
    TogglePin                                0x080014cd   Thumb Code    34  gpio.o(.text.TogglePin)
    USART1_Init                              0x080014f1   Thumb Code    92  usbttl.o(.text.USART1_Init)
    UsageFault_Handler                       0x0800154d   Thumb Code     2  stm32f10x_it.o(.text.UsageFault_Handler)
    WritePin                                 0x08001551   Thumb Code    42  gpio.o(.text.WritePin)
    delayms                                  0x0800157d   Thumb Code    76  systick_delay.o(.text.delayms)
    main                                     0x080015c9   Thumb Code   214  main.o(.text.main)
    _btod_d2e                                0x0800169f   Thumb Code    62  btod.o(CL$$btod_d2e)
    _d2e_denorm_low                          0x080016dd   Thumb Code    70  btod.o(CL$$btod_d2e_denorm_low)
    _d2e_norm_op1                            0x08001723   Thumb Code    96  btod.o(CL$$btod_d2e_norm_op1)
    __btod_div_common                        0x08001783   Thumb Code   696  btod.o(CL$$btod_div_common)
    _e2e                                     0x08001abb   Thumb Code   220  btod.o(CL$$btod_e2e)
    _btod_ediv                               0x08001b97   Thumb Code    42  btod.o(CL$$btod_ediv)
    _btod_emul                               0x08001bc1   Thumb Code    42  btod.o(CL$$btod_emul)
    __btod_mult_common                       0x08001beb   Thumb Code   580  btod.o(CL$$btod_mult_common)
    __ARM_fpclassify                         0x08001e2f   Thumb Code    40  fpclassify.o(i.__ARM_fpclassify)
    __kernel_poly                            0x08001e57   Thumb Code   170  poly.o(i.__kernel_poly)
    __mathlib_dbl_infnan                     0x08001f01   Thumb Code     6  dunder.o(i.__mathlib_dbl_infnan)
    __mathlib_dbl_infnan2                    0x08001f07   Thumb Code     4  dunder.o(i.__mathlib_dbl_infnan2)
    __mathlib_dbl_underflow                  0x08001f0d   Thumb Code    10  dunder.o(i.__mathlib_dbl_underflow)
    atan                                     0x08001f1d   Thumb Code   474  atan.o(i.atan)
    atan2                                    0x0800213d   Thumb Code   374  atan2.o(i.atan2)
    _get_lc_numeric                          0x080022d9   Thumb Code    44  lc_numeric_c.o(locale$$code)
    __aeabi_d2f                              0x08002305   Thumb Code     0  d2f.o(x$fpl$d2f)
    _d2f                                     0x08002305   Thumb Code    98  d2f.o(x$fpl$d2f)
    __aeabi_dadd                             0x08002369   Thumb Code     0  daddsub_clz.o(x$fpl$dadd)
    _dadd                                    0x08002369   Thumb Code   332  daddsub_clz.o(x$fpl$dadd)
    __fpl_dcheck_NaN1                        0x080024b9   Thumb Code    10  dcheck1.o(x$fpl$dcheck1)
    __fpl_dcmp_Inf                           0x080024c9   Thumb Code    24  dcmpi.o(x$fpl$dcmpinf)
    __aeabi_ddiv                             0x080024e1   Thumb Code     0  ddiv.o(x$fpl$ddiv)
    _ddiv                                    0x080024e1   Thumb Code   552  ddiv.o(x$fpl$ddiv)
    __aeabi_cdcmpeq                          0x08002791   Thumb Code     0  deqf.o(x$fpl$deqf)
    _dcmpeq                                  0x08002791   Thumb Code   120  deqf.o(x$fpl$deqf)
    __aeabi_i2d                              0x08002809   Thumb Code     0  dflt_clz.o(x$fpl$dflt)
    _dflt                                    0x08002809   Thumb Code    46  dflt_clz.o(x$fpl$dflt)
    __aeabi_dmul                             0x08002839   Thumb Code     0  dmul.o(x$fpl$dmul)
    _dmul                                    0x08002839   Thumb Code   332  dmul.o(x$fpl$dmul)
    __fpl_dnaninf                            0x0800298d   Thumb Code   156  dnaninf.o(x$fpl$dnaninf)
    __fpl_dretinf                            0x08002a29   Thumb Code    12  dretinf.o(x$fpl$dretinf)
    __aeabi_drsub                            0x08002a35   Thumb Code     0  daddsub_clz.o(x$fpl$drsb)
    _drsb                                    0x08002a35   Thumb Code    22  daddsub_clz.o(x$fpl$drsb)
    __aeabi_dsub                             0x08002a4d   Thumb Code     0  daddsub_clz.o(x$fpl$dsub)
    _dsub                                    0x08002a4d   Thumb Code   464  daddsub_clz.o(x$fpl$dsub)
    __aeabi_f2d                              0x08002c21   Thumb Code     0  f2d.o(x$fpl$f2d)
    _f2d                                     0x08002c21   Thumb Code    86  f2d.o(x$fpl$f2d)
    __aeabi_fadd                             0x08002c79   Thumb Code     0  faddsub_clz.o(x$fpl$fadd)
    _fadd                                    0x08002c79   Thumb Code   196  faddsub_clz.o(x$fpl$fadd)
    __aeabi_fcmpeq                           0x08002d3d   Thumb Code     0  fcmp.o(x$fpl$fcmp)
    _feq                                     0x08002d3d   Thumb Code    14  fcmp.o(x$fpl$fcmp)
    _fneq                                    0x08002d4b   Thumb Code    14  fcmp.o(x$fpl$fcmp)
    __aeabi_fcmpgt                           0x08002d59   Thumb Code     0  fcmp.o(x$fpl$fcmp)
    _fgr                                     0x08002d59   Thumb Code    14  fcmp.o(x$fpl$fcmp)
    __aeabi_fcmpge                           0x08002d67   Thumb Code     0  fcmp.o(x$fpl$fcmp)
    _fgeq                                    0x08002d67   Thumb Code    14  fcmp.o(x$fpl$fcmp)
    __aeabi_fcmple                           0x08002d75   Thumb Code     0  fcmp.o(x$fpl$fcmp)
    _fleq                                    0x08002d75   Thumb Code    14  fcmp.o(x$fpl$fcmp)
    __aeabi_fcmplt                           0x08002d83   Thumb Code     0  fcmp.o(x$fpl$fcmp)
    _fls                                     0x08002d83   Thumb Code    14  fcmp.o(x$fpl$fcmp)
    __fpl_fcmp_Inf                           0x08002d91   Thumb Code    24  fcmpi.o(x$fpl$fcmpinf)
    __aeabi_cfcmpeq                          0x08002da9   Thumb Code     0  feqf.o(x$fpl$feqf)
    _fcmpeq                                  0x08002da9   Thumb Code   104  feqf.o(x$fpl$feqf)
    __aeabi_f2iz                             0x08002e11   Thumb Code     0  ffix.o(x$fpl$ffix)
    _ffix                                    0x08002e11   Thumb Code    54  ffix.o(x$fpl$ffix)
    _fcmpge                                  0x08002e49   Thumb Code   104  fgeqf.o(x$fpl$fgeqf)
    __aeabi_cfcmple                          0x08002eb1   Thumb Code     0  fleqf.o(x$fpl$fleqf)
    _fcmple                                  0x08002eb1   Thumb Code   104  fleqf.o(x$fpl$fleqf)
    __fpl_fcmple_InfNaN                      0x08002f03   Thumb Code     0  fleqf.o(x$fpl$fleqf)
    __aeabi_fmul                             0x08002f19   Thumb Code     0  fmul.o(x$fpl$fmul)
    _fmul                                    0x08002f19   Thumb Code   258  fmul.o(x$fpl$fmul)
    __fpl_fnaninf                            0x0800301b   Thumb Code   140  fnaninf.o(x$fpl$fnaninf)
    __fpl_fretinf                            0x080030a7   Thumb Code    10  fretinf.o(x$fpl$fretinf)
    __aeabi_fsub                             0x080030b1   Thumb Code     0  faddsub_clz.o(x$fpl$fsub)
    _fsub                                    0x080030b1   Thumb Code   234  faddsub_clz.o(x$fpl$fsub)
    _printf_fp_dec                           0x0800319b   Thumb Code     4  printf1.o(x$fpl$printf1)
    __fpl_return_NaN                         0x0800319f   Thumb Code   100  retnan.o(x$fpl$retnan)
    __ARM_scalbn                             0x08003203   Thumb Code    92  scalbn.o(x$fpl$scalbn)
    __fpl_cmpreturn                          0x0800325f   Thumb Code    48  trapv.o(x$fpl$trapveneer)
    __I$use$fp                               0x0800328e   Number         0  usenofp.o(x$fpl$usenofp)
    __mathlib_zero                           0x08003328   Data           8  qnan.o(.constdata)
    Region$$Table$$Base                      0x080033c4   Number         0  anon$$obj.o(Region$$Table)
    Region$$Table$$Limit                     0x080033d4   Number         0  anon$$obj.o(Region$$Table)
    __libspace_start                         0x20000000   Data          96  libspace.o(.bss)
    __temporary_stack_top$libspace           0x20000060   Data           0  libspace.o(.bss)
    Raw_Data                                 0x2000006c   Data          12  mpu6050.o(.bss.Raw_Data)
    flag_dma                                 0x20000078   Data           4  mpu6050.o(.bss.flag_dma)



==============================================================================

Memory Map of the image

  Image Entry point : 0x080000ed

  Load Region LR_IROM1 (Base: 0x08000000, Size: 0x000033f0, Max: 0x00010000, ABSOLUTE)

    Execution Region ER_IROM1 (Exec base: 0x08000000, Load base: 0x08000000, Size: 0x000033f0, Max: 0x00010000, ABSOLUTE)

    Exec Addr    Load Addr    Size         Type   Attr      Idx    E Section Name        Object

    0x08000000   0x08000000   0x000000ec   Data   RO          160    RESET               startup_stm32f10x_md.o
    0x080000ec   0x080000ec   0x00000008   Code   RO          252  * !!!main             c_w.l(__main.o)
    0x080000f4   0x080000f4   0x00000034   Code   RO          588    !!!scatter          c_w.l(__scatter.o)
    0x08000128   0x08000128   0x0000001c   Code   RO          590    !!handler_zi        c_w.l(__scatter_zi.o)
    0x08000144   0x08000144   0x00000000   Code   RO          249    .ARM.Collect$$_printf_percent$$00000000  c_w.l(_printf_percent.o)
    0x08000144   0x08000144   0x00000006   Code   RO          248    .ARM.Collect$$_printf_percent$$00000003  c_w.l(_printf_f.o)
    0x0800014a   0x0800014a   0x00000004   Code   RO          305    .ARM.Collect$$_printf_percent$$00000017  c_w.l(_printf_percent_end.o)
    0x0800014e   0x0800014e   0x00000002   Code   RO          447    .ARM.Collect$$libinit$$00000000  c_w.l(libinit.o)
    0x08000150   0x08000150   0x00000000   Code   RO          449    .ARM.Collect$$libinit$$00000002  c_w.l(libinit2.o)
    0x08000150   0x08000150   0x00000000   Code   RO          451    .ARM.Collect$$libinit$$00000004  c_w.l(libinit2.o)
    0x08000150   0x08000150   0x00000000   Code   RO          454    .ARM.Collect$$libinit$$0000000A  c_w.l(libinit2.o)
    0x08000150   0x08000150   0x00000000   Code   RO          456    .ARM.Collect$$libinit$$0000000C  c_w.l(libinit2.o)
    0x08000150   0x08000150   0x00000000   Code   RO          458    .ARM.Collect$$libinit$$0000000E  c_w.l(libinit2.o)
    0x08000150   0x08000150   0x00000006   Code   RO          459    .ARM.Collect$$libinit$$0000000F  c_w.l(libinit2.o)
    0x08000156   0x08000156   0x00000000   Code   RO          461    .ARM.Collect$$libinit$$00000011  c_w.l(libinit2.o)
    0x08000156   0x08000156   0x00000000   Code   RO          463    .ARM.Collect$$libinit$$00000013  c_w.l(libinit2.o)
    0x08000156   0x08000156   0x00000000   Code   RO          465    .ARM.Collect$$libinit$$00000015  c_w.l(libinit2.o)
    0x08000156   0x08000156   0x0000000a   Code   RO          466    .ARM.Collect$$libinit$$00000016  c_w.l(libinit2.o)
    0x08000160   0x08000160   0x00000000   Code   RO          467    .ARM.Collect$$libinit$$00000017  c_w.l(libinit2.o)
    0x08000160   0x08000160   0x00000000   Code   RO          469    .ARM.Collect$$libinit$$00000019  c_w.l(libinit2.o)
    0x08000160   0x08000160   0x00000000   Code   RO          471    .ARM.Collect$$libinit$$0000001B  c_w.l(libinit2.o)
    0x08000160   0x08000160   0x00000000   Code   RO          473    .ARM.Collect$$libinit$$0000001D  c_w.l(libinit2.o)
    0x08000160   0x08000160   0x00000000   Code   RO          475    .ARM.Collect$$libinit$$0000001F  c_w.l(libinit2.o)
    0x08000160   0x08000160   0x00000000   Code   RO          477    .ARM.Collect$$libinit$$00000021  c_w.l(libinit2.o)
    0x08000160   0x08000160   0x00000000   Code   RO          479    .ARM.Collect$$libinit$$00000023  c_w.l(libinit2.o)
    0x08000160   0x08000160   0x00000000   Code   RO          481    .ARM.Collect$$libinit$$00000025  c_w.l(libinit2.o)
    0x08000160   0x08000160   0x00000000   Code   RO          485    .ARM.Collect$$libinit$$0000002C  c_w.l(libinit2.o)
    0x08000160   0x08000160   0x00000000   Code   RO          487    .ARM.Collect$$libinit$$0000002E  c_w.l(libinit2.o)
    0x08000160   0x08000160   0x00000000   Code   RO          489    .ARM.Collect$$libinit$$00000030  c_w.l(libinit2.o)
    0x08000160   0x08000160   0x00000000   Code   RO          491    .ARM.Collect$$libinit$$00000032  c_w.l(libinit2.o)
    0x08000160   0x08000160   0x00000002   Code   RO          492    .ARM.Collect$$libinit$$00000033  c_w.l(libinit2.o)
    0x08000162   0x08000162   0x00000002   Code   RO          534    .ARM.Collect$$libshutdown$$00000000  c_w.l(libshutdown.o)
    0x08000164   0x08000164   0x00000000   Code   RO          545    .ARM.Collect$$libshutdown$$00000002  c_w.l(libshutdown2.o)
    0x08000164   0x08000164   0x00000000   Code   RO          547    .ARM.Collect$$libshutdown$$00000004  c_w.l(libshutdown2.o)
    0x08000164   0x08000164   0x00000000   Code   RO          550    .ARM.Collect$$libshutdown$$00000007  c_w.l(libshutdown2.o)
    0x08000164   0x08000164   0x00000000   Code   RO          553    .ARM.Collect$$libshutdown$$0000000A  c_w.l(libshutdown2.o)
    0x08000164   0x08000164   0x00000000   Code   RO          555    .ARM.Collect$$libshutdown$$0000000C  c_w.l(libshutdown2.o)
    0x08000164   0x08000164   0x00000000   Code   RO          558    .ARM.Collect$$libshutdown$$0000000F  c_w.l(libshutdown2.o)
    0x08000164   0x08000164   0x00000002   Code   RO          559    .ARM.Collect$$libshutdown$$00000010  c_w.l(libshutdown2.o)
    0x08000166   0x08000166   0x00000000   Code   RO          294    .ARM.Collect$$rtentry$$00000000  c_w.l(__rtentry.o)
    0x08000166   0x08000166   0x00000000   Code   RO          359    .ARM.Collect$$rtentry$$00000002  c_w.l(__rtentry2.o)
    0x08000166   0x08000166   0x00000006   Code   RO          371    .ARM.Collect$$rtentry$$00000004  c_w.l(__rtentry4.o)
    0x0800016c   0x0800016c   0x00000000   Code   RO          361    .ARM.Collect$$rtentry$$00000009  c_w.l(__rtentry2.o)
    0x0800016c   0x0800016c   0x00000004   Code   RO          362    .ARM.Collect$$rtentry$$0000000A  c_w.l(__rtentry2.o)
    0x08000170   0x08000170   0x00000000   Code   RO          364    .ARM.Collect$$rtentry$$0000000C  c_w.l(__rtentry2.o)
    0x08000170   0x08000170   0x00000008   Code   RO          365    .ARM.Collect$$rtentry$$0000000D  c_w.l(__rtentry2.o)
    0x08000178   0x08000178   0x00000002   Code   RO          495    .ARM.Collect$$rtexit$$00000000  c_w.l(rtexit.o)
    0x0800017a   0x0800017a   0x00000000   Code   RO          506    .ARM.Collect$$rtexit$$00000002  c_w.l(rtexit2.o)
    0x0800017a   0x0800017a   0x00000004   Code   RO          507    .ARM.Collect$$rtexit$$00000003  c_w.l(rtexit2.o)
    0x0800017e   0x0800017e   0x00000006   Code   RO          508    .ARM.Collect$$rtexit$$00000004  c_w.l(rtexit2.o)
    0x08000184   0x08000184   0x00000040   Code   RO          161    .text               startup_stm32f10x_md.o
    0x080001c4   0x080001c4   0x00000006   Code   RO          250    .text               c_w.l(heapauxi.o)
    0x080001ca   0x080001ca   0x00000016   Code   RO          295    .text               c_w.l(_rserrno.o)
    0x080001e0   0x080001e0   0x0000041c   Code   RO          297    .text               c_w.l(_printf_fp_dec.o)
    0x080005fc   0x080005fc   0x00000008   Code   RO          376    .text               c_w.l(rt_locale_intlibspace.o)
    0x08000604   0x08000604   0x00000008   Code   RO          381    .text               c_w.l(rt_errno_addr_intlibspace.o)
    0x0800060c   0x0800060c   0x0000008a   Code   RO          383    .text               c_w.l(lludiv10.o)
    0x08000696   0x08000696   0x00000002   PAD
    0x08000698   0x08000698   0x00000080   Code   RO          385    .text               c_w.l(_printf_fp_infnan.o)
    0x08000718   0x08000718   0x000000e4   Code   RO          389    .text               c_w.l(bigflt0.o)
    0x080007fc   0x080007fc   0x00000008   Code   RO          431    .text               c_w.l(libspace.o)
    0x08000804   0x08000804   0x0000004a   Code   RO          434    .text               c_w.l(sys_stackheap_outer.o)
    0x0800084e   0x0800084e   0x00000012   Code   RO          438    .text               c_w.l(exit.o)
    0x08000860   0x08000860   0x00000080   Code   RO          440    .text               c_w.l(strcmpv7m.o)
    0x080008e0   0x080008e0   0x0000000c   Code   RO          520    .text               c_w.l(sys_exit.o)
    0x080008ec   0x080008ec   0x00000002   Code   RO          535    .text               c_w.l(use_no_semi.o)
    0x080008ee   0x080008ee   0x00000000   Code   RO          537    .text               c_w.l(indicate_semi.o)
    0x080008ee   0x080008ee   0x00000002   PAD
    0x080008f0   0x080008f0   0x0000009e   Code   RO          127    .text.Angle         pid.o
    0x0800098e   0x0800098e   0x00000002   PAD
    0x08000990   0x08000990   0x00000002   Code   RO          194    .text.BusFault_Handler  stm32f10x_it.o
    0x08000992   0x08000992   0x00000002   PAD
    0x08000994   0x08000994   0x0000002e   Code   RO           34    .text.DMA1_Channel7_IRQHandler  mpu6050.o
    0x080009c2   0x080009c2   0x00000002   PAD
    0x080009c4   0x080009c4   0x00000078   Code   RO           32    .text.DMA1_I2C1_Config  mpu6050.o
    0x08000a3c   0x08000a3c   0x00000060   Code   RO           30    .text.DMA_Read      mpu6050.o
    0x08000a9c   0x08000a9c   0x000000c4   Code   RO           42    .text.Data_MPU      mpu6050.o
    0x08000b60   0x08000b60   0x00000002   Code   RO          200    .text.DebugMon_Handler  stm32f10x_it.o
    0x08000b62   0x08000b62   0x00000002   PAD
    0x08000b64   0x08000b64   0x0000001e   Code   RO           28    .text.EXTI15_10_IRQHandler  mpu6050.o
    0x08000b82   0x08000b82   0x00000002   PAD
    0x08000b84   0x08000b84   0x0000006c   Code   RO           20    .text.EXTI_Config   mpu6050.o
    0x08000bf0   0x08000bf0   0x000000b8   Code   RO           87    .text.Encoder1_Init  motor.o
    0x08000ca8   0x08000ca8   0x000000b2   Code   RO           89    .text.Encoder2_Init  motor.o
    0x08000d5a   0x08000d5a   0x00000002   PAD
    0x08000d5c   0x08000d5c   0x0000000c   Code   RO           91    .text.Encoder_Init  motor.o
    0x08000d68   0x08000d68   0x0000003a   Code   RO           18    .text.FIFO_INT      mpu6050.o
    0x08000da2   0x08000da2   0x00000002   PAD
    0x08000da4   0x08000da4   0x0000006e   Code   RO          168    .text.GPIO          gpio.o
    0x08000e12   0x08000e12   0x00000002   PAD
    0x08000e14   0x08000e14   0x00000002   Code   RO          190    .text.HardFault_Handler  stm32f10x_it.o
    0x08000e16   0x08000e16   0x00000002   PAD
    0x08000e18   0x08000e18   0x000000c2   Code   RO            2    .text.I2C1_Init     mpu6050.o
    0x08000eda   0x08000eda   0x00000002   PAD
    0x08000edc   0x08000edc   0x00000014   Code   RO           38    .text.I2C1_Read1Byte  mpu6050.o
    0x08000ef0   0x08000ef0   0x000000c4   Code   RO            4    .text.I2C1_ResetCLK  mpu6050.o
    0x08000fb4   0x08000fb4   0x0000001c   Code   RO           16    .text.I2C1_Send1Byte  mpu6050.o
    0x08000fd0   0x08000fd0   0x00000018   Code   RO           12    .text.I2C1_Start    mpu6050.o
    0x08000fe8   0x08000fe8   0x00000012   Code   RO           14    .text.I2C1_Stop     mpu6050.o
    0x08000ffa   0x08000ffa   0x00000002   PAD
    0x08000ffc   0x08000ffc   0x0000002c   Code   RO           40    .text.MPU_FIFO_INT_Config  mpu6050.o
    0x08001028   0x08001028   0x00000056   Code   RO            6    .text.MPU_Init      mpu6050.o
    0x0800107e   0x0800107e   0x00000002   PAD
    0x08001080   0x08001080   0x0000003c   Code   RO           36    .text.MPU_R1Byte    mpu6050.o
    0x080010bc   0x080010bc   0x0000001a   Code   RO           10    .text.MPU_RW        mpu6050.o
    0x080010d6   0x080010d6   0x00000002   PAD
    0x080010d8   0x080010d8   0x00000024   Code   RO            8    .text.MPU_W         mpu6050.o
    0x080010fc   0x080010fc   0x00000002   Code   RO          192    .text.MemManage_Handler  stm32f10x_it.o
    0x080010fe   0x080010fe   0x00000002   PAD
    0x08001100   0x08001100   0x00000002   Code   RO          188    .text.NMI_Handler   stm32f10x_it.o
    0x08001102   0x08001102   0x00000002   PAD
    0x08001104   0x08001104   0x0000001a   Code   RO           22    .text.NVIC_EnableIRQ  mpu6050.o
    0x0800111e   0x0800111e   0x00000002   PAD
    0x08001120   0x08001120   0x0000000e   Code   RO           26    .text.NVIC_SetPriority  mpu6050.o
    0x0800112e   0x0800112e   0x00000002   PAD
    0x08001130   0x08001130   0x0000001e   Code   RO           24    .text.NVIC_SetPriorityGrouping  mpu6050.o
    0x0800114e   0x0800114e   0x00000002   PAD
    0x08001150   0x08001150   0x000000b0   Code   RO          129    .text.PID           pid.o
    0x08001200   0x08001200   0x00000012   Code   RO           75    .text.PWM1          motor.o
    0x08001212   0x08001212   0x00000002   PAD
    0x08001214   0x08001214   0x00000096   Code   RO           73    .text.PWM1_Init     motor.o
    0x080012aa   0x080012aa   0x00000002   PAD
    0x080012ac   0x080012ac   0x00000012   Code   RO           81    .text.PWM2          motor.o
    0x080012be   0x080012be   0x00000002   PAD
    0x080012c0   0x080012c0   0x0000009e   Code   RO           79    .text.PWM2_Init     motor.o
    0x0800135e   0x0800135e   0x00000002   PAD
    0x08001360   0x08001360   0x0000000c   Code   RO           85    .text.PWM_Init      motor.o
    0x0800136c   0x0800136c   0x00000034   Code   RO           77    .text.PWM_Motor1    motor.o
    0x080013a0   0x080013a0   0x00000034   Code   RO           83    .text.PWM_Motor2    motor.o
    0x080013d4   0x080013d4   0x00000002   Code   RO          202    .text.PendSV_Handler  stm32f10x_it.o
    0x080013d6   0x080013d6   0x00000002   PAD
    0x080013d8   0x080013d8   0x00000002   Code   RO          198    .text.SVC_Handler   stm32f10x_it.o
    0x080013da   0x080013da   0x00000002   PAD
    0x080013dc   0x080013dc   0x0000009c   Code   RO          213    .text.SysClock      sysclock.o
    0x08001478   0x08001478   0x00000002   Code   RO          204    .text.SysTick_Handler  stm32f10x_it.o
    0x0800147a   0x0800147a   0x00000002   PAD
    0x0800147c   0x0800147c   0x00000050   Code   RO          145    .text.SystemInit    system_stm32f10x.o
    0x080014cc   0x080014cc   0x00000022   Code   RO          178    .text.TogglePin     gpio.o
    0x080014ee   0x080014ee   0x00000002   PAD
    0x080014f0   0x080014f0   0x0000005c   Code   RO          101    .text.USART1_Init   usbttl.o
    0x0800154c   0x0800154c   0x00000002   Code   RO          196    .text.UsageFault_Handler  stm32f10x_it.o
    0x0800154e   0x0800154e   0x00000002   PAD
    0x08001550   0x08001550   0x0000002a   Code   RO          174    .text.WritePin      gpio.o
    0x0800157a   0x0800157a   0x00000002   PAD
    0x0800157c   0x0800157c   0x0000004c   Code   RO           54    .text.delayms       systick_delay.o
    0x080015c8   0x080015c8   0x000000d6   Code   RO           63    .text.main          main.o
    0x0800169e   0x0800169e   0x0000003e   Code   RO          392    CL$$btod_d2e        c_w.l(btod.o)
    0x080016dc   0x080016dc   0x00000046   Code   RO          394    CL$$btod_d2e_denorm_low  c_w.l(btod.o)
    0x08001722   0x08001722   0x00000060   Code   RO          393    CL$$btod_d2e_norm_op1  c_w.l(btod.o)
    0x08001782   0x08001782   0x00000338   Code   RO          402    CL$$btod_div_common  c_w.l(btod.o)
    0x08001aba   0x08001aba   0x000000dc   Code   RO          399    CL$$btod_e2e        c_w.l(btod.o)
    0x08001b96   0x08001b96   0x0000002a   Code   RO          396    CL$$btod_ediv       c_w.l(btod.o)
    0x08001bc0   0x08001bc0   0x0000002a   Code   RO          395    CL$$btod_emul       c_w.l(btod.o)
    0x08001bea   0x08001bea   0x00000244   Code   RO          401    CL$$btod_mult_common  c_w.l(btod.o)
    0x08001e2e   0x08001e2e   0x00000028   Code   RO          427    i.__ARM_fpclassify  m_ws.l(fpclassify.o)
    0x08001e56   0x08001e56   0x000000aa   Code   RO          429    i.__kernel_poly     m_ws.l(poly.o)
    0x08001f00   0x08001f00   0x00000006   Code   RO          344    i.__mathlib_dbl_infnan  m_ws.l(dunder.o)
    0x08001f06   0x08001f06   0x00000004   Code   RO          345    i.__mathlib_dbl_infnan2  m_ws.l(dunder.o)
    0x08001f0a   0x08001f0a   0x00000002   PAD
    0x08001f0c   0x08001f0c   0x00000010   Code   RO          349    i.__mathlib_dbl_underflow  m_ws.l(dunder.o)
    0x08001f1c   0x08001f1c   0x00000220   Code   RO          334    i.atan              m_ws.l(atan.o)
    0x0800213c   0x0800213c   0x0000019c   Code   RO          287    i.atan2             m_ws.l(atan2.o)
    0x080022d8   0x080022d8   0x0000002c   Code   RO          417    locale$$code        c_w.l(lc_numeric_c.o)
    0x08002304   0x08002304   0x00000062   Code   RO          254    x$fpl$d2f           fz_ws.l(d2f.o)
    0x08002366   0x08002366   0x00000002   PAD
    0x08002368   0x08002368   0x00000150   Code   RO          306    x$fpl$dadd          fz_ws.l(daddsub_clz.o)
    0x080024b8   0x080024b8   0x00000010   Code   RO          493    x$fpl$dcheck1       fz_ws.l(dcheck1.o)
    0x080024c8   0x080024c8   0x00000018   Code   RO          419    x$fpl$dcmpinf       fz_ws.l(dcmpi.o)
    0x080024e0   0x080024e0   0x000002b0   Code   RO          313    x$fpl$ddiv          fz_ws.l(ddiv.o)
    0x08002790   0x08002790   0x00000078   Code   RO          316    x$fpl$deqf          fz_ws.l(deqf.o)
    0x08002808   0x08002808   0x0000002e   Code   RO          257    x$fpl$dflt          fz_ws.l(dflt_clz.o)
    0x08002836   0x08002836   0x00000002   PAD
    0x08002838   0x08002838   0x00000154   Code   RO          262    x$fpl$dmul          fz_ws.l(dmul.o)
    0x0800298c   0x0800298c   0x0000009c   Code   RO          318    x$fpl$dnaninf       fz_ws.l(dnaninf.o)
    0x08002a28   0x08002a28   0x0000000c   Code   RO          320    x$fpl$dretinf       fz_ws.l(dretinf.o)
    0x08002a34   0x08002a34   0x00000016   Code   RO          307    x$fpl$drsb          fz_ws.l(daddsub_clz.o)
    0x08002a4a   0x08002a4a   0x00000002   PAD
    0x08002a4c   0x08002a4c   0x000001d4   Code   RO          308    x$fpl$dsub          fz_ws.l(daddsub_clz.o)
    0x08002c20   0x08002c20   0x00000056   Code   RO          264    x$fpl$f2d           fz_ws.l(f2d.o)
    0x08002c76   0x08002c76   0x00000002   PAD
    0x08002c78   0x08002c78   0x000000c4   Code   RO          266    x$fpl$fadd          fz_ws.l(faddsub_clz.o)
    0x08002d3c   0x08002d3c   0x00000054   Code   RO          272    x$fpl$fcmp          fz_ws.l(fcmp.o)
    0x08002d90   0x08002d90   0x00000018   Code   RO          421    x$fpl$fcmpinf       fz_ws.l(fcmpi.o)
    0x08002da8   0x08002da8   0x00000068   Code   RO          322    x$fpl$feqf          fz_ws.l(feqf.o)
    0x08002e10   0x08002e10   0x00000036   Code   RO          278    x$fpl$ffix          fz_ws.l(ffix.o)
    0x08002e46   0x08002e46   0x00000002   PAD
    0x08002e48   0x08002e48   0x00000068   Code   RO          324    x$fpl$fgeqf         fz_ws.l(fgeqf.o)
    0x08002eb0   0x08002eb0   0x00000068   Code   RO          326    x$fpl$fleqf         fz_ws.l(fleqf.o)
    0x08002f18   0x08002f18   0x00000102   Code   RO          282    x$fpl$fmul          fz_ws.l(fmul.o)
    0x0800301a   0x0800301a   0x0000008c   Code   RO          328    x$fpl$fnaninf       fz_ws.l(fnaninf.o)
    0x080030a6   0x080030a6   0x0000000a   Code   RO          330    x$fpl$fretinf       fz_ws.l(fretinf.o)
    0x080030b0   0x080030b0   0x000000ea   Code   RO          268    x$fpl$fsub          fz_ws.l(faddsub_clz.o)
    0x0800319a   0x0800319a   0x00000004   Code   RO          284    x$fpl$printf1       fz_ws.l(printf1.o)
    0x0800319e   0x0800319e   0x00000064   Code   RO          503    x$fpl$retnan        fz_ws.l(retnan.o)
    0x08003202   0x08003202   0x0000005c   Code   RO          425    x$fpl$scalbn        fz_ws.l(scalbn.o)
    0x0800325e   0x0800325e   0x00000030   Code   RO          516    x$fpl$trapveneer    fz_ws.l(trapv.o)
    0x0800328e   0x0800328e   0x00000000   Code   RO          332    x$fpl$usenofp       fz_ws.l(usenofp.o)
    0x0800328e   0x0800328e   0x00000002   PAD
    0x08003290   0x08003290   0x00000098   Data   RO          335    .constdata          m_ws.l(atan.o)
    0x08003328   0x08003328   0x00000008   Data   RO          357    .constdata          m_ws.l(qnan.o)
    0x08003330   0x08003330   0x00000094   Data   RO          390    .constdata          c_w.l(bigflt0.o)
    0x080033c4   0x080033c4   0x00000010   Data   RO          587    Region$$Table       anon$$obj.o
    0x080033d4   0x080033d4   0x0000001c   Data   RO          416    locale$$data        c_w.l(lc_numeric_c.o)


    Execution Region RW_IRAM1 (Exec base: 0x20000000, Load base: 0x080033f0, Size: 0x00000680, Max: 0x00005000, ABSOLUTE)

    Exec Addr    Load Addr    Size         Type   Attr      Idx    E Section Name        Object

    0x20000000        -       0x00000060   Zero   RW          432    .bss                c_w.l(libspace.o)
    0x20000060        -       0x00000004   Zero   RW          132    .bss.Angle.robot_angle  pid.o
    0x20000064        -       0x00000001   Zero   RW          131    .bss.Angle.x        pid.o
    0x20000065   0x080033f0   0x00000003   PAD
    0x20000068        -       0x00000004   Zero   RW          133    .bss.PID.error_sum  pid.o
    0x2000006c        -       0x0000000c   Zero   RW           45    .bss.Raw_Data       mpu6050.o
    0x20000078        -       0x00000004   Zero   RW           44    .bss.flag_dma       mpu6050.o
    0x2000007c   0x080033f0   0x00000004   PAD
    0x20000080        -       0x00000200   Zero   RW          159    HEAP                startup_stm32f10x_md.o
    0x20000280        -       0x00000400   Zero   RW          158    STACK               startup_stm32f10x_md.o


==============================================================================

Image component sizes


      Code (inc. data)   RO Data    RW Data    ZI Data      Debug   Object Name

       186          0          0          0          0       2428   gpio.o
       214          0          0          0          0        620   main.o
       834          0          0          0          0       3113   motor.o
      1456          0          0          0         16       7273   mpu6050.o
       334          0          0          0          9       1875   pid.o
        64         26        236          0       1536        800   startup_stm32f10x_md.o
        18          0          0          0          0       1003   stm32f10x_it.o
       156          0          0          0          0        978   sysclock.o
        80          0          0          0          0       1943   system_stm32f10x.o
        76          0          0          0          0        836   systick_delay.o
        92          0          0          0          0       2580   usbttl.o

    ----------------------------------------------------------------------
      3566         26        252          0       1568      23449   Object Totals
         0          0         16          0          0          0   (incl. Generated)
        56          0          0          0          7          0   (incl. Padding)

    ----------------------------------------------------------------------

      Code (inc. data)   RO Data    RW Data    ZI Data      Debug   Library Member Name

         8          0          0          0          0         68   __main.o
         0          0          0          0          0          0   __rtentry.o
        12          0          0          0          0          0   __rtentry2.o
         6          0          0          0          0          0   __rtentry4.o
        52          8          0          0          0          0   __scatter.o
        28          0          0          0          0          0   __scatter_zi.o
         6          0          0          0          0          0   _printf_f.o
      1052          0          0          0          0        148   _printf_fp_dec.o
       128         16          0          0          0         84   _printf_fp_infnan.o
         0          0          0          0          0          0   _printf_percent.o
         4          0          0          0          0          0   _printf_percent_end.o
        22          0          0          0          0        100   _rserrno.o
       228          4        148          0          0         96   bigflt0.o
      1936        128          0          0          0        672   btod.o
        18          0          0          0          0         80   exit.o
         6          0          0          0          0        152   heapauxi.o
         0          0          0          0          0          0   indicate_semi.o
        44         10         28          0          0         76   lc_numeric_c.o
         2          0          0          0          0          0   libinit.o
        18          0          0          0          0          0   libinit2.o
         2          0          0          0          0          0   libshutdown.o
         2          0          0          0          0          0   libshutdown2.o
         8          4          0          0         96         68   libspace.o
       138          0          0          0          0         80   lludiv10.o
         8          4          0          0          0         68   rt_errno_addr_intlibspace.o
         8          4          0          0          0         68   rt_locale_intlibspace.o
         2          0          0          0          0          0   rtexit.o
        10          0          0          0          0          0   rtexit2.o
       128          0          0          0          0         68   strcmpv7m.o
        12          4          0          0          0         68   sys_exit.o
        74          0          0          0          0         80   sys_stackheap_outer.o
         2          0          0          0          0         68   use_no_semi.o
        98          4          0          0          0         92   d2f.o
       826         16          0          0          0        356   daddsub_clz.o
        16          4          0          0          0         68   dcheck1.o
        24          0          0          0          0         68   dcmpi.o
       688        140          0          0          0        216   ddiv.o
       120          4          0          0          0         92   deqf.o
        46          0          0          0          0         68   dflt_clz.o
       340         12          0          0          0        104   dmul.o
       156          4          0          0          0         92   dnaninf.o
        12          0          0          0          0         68   dretinf.o
        86          4          0          0          0         84   f2d.o
       430          8          0          0          0        168   faddsub_clz.o
        84          0          0          0          0        196   fcmp.o
        24          0          0          0          0         68   fcmpi.o
       104          4          0          0          0         84   feqf.o
        54          4          0          0          0         84   ffix.o
       104          4          0          0          0         84   fgeqf.o
       104          4          0          0          0         84   fleqf.o
       258          4          0          0          0         84   fmul.o
       140          4          0          0          0         84   fnaninf.o
        10          0          0          0          0         68   fretinf.o
         4          0          0          0          0         68   printf1.o
       100          0          0          0          0         68   retnan.o
        92          0          0          0          0         68   scalbn.o
        48          0          0          0          0         68   trapv.o
         0          0          0          0          0          0   usenofp.o
       544         70        152          0          0        124   atan.o
       412         38          0          0          0        144   atan2.o
        26          6          0          0          0        204   dunder.o
        40          0          0          0          0         68   fpclassify.o
       170          0          0          0          0         96   poly.o
         0          0          8          0          0          0   qnan.o

    ----------------------------------------------------------------------
      9142        516        336          0         96       5264   Library Totals
        18          0          0          0          0          0   (incl. Padding)

    ----------------------------------------------------------------------

      Code (inc. data)   RO Data    RW Data    ZI Data      Debug   Library Name

      3964        182        176          0         96       2044   c_w.l
      3968        220          0          0          0       2584   fz_ws.l
      1192        114        160          0          0        636   m_ws.l

    ----------------------------------------------------------------------
      9142        516        336          0         96       5264   Library Totals

    ----------------------------------------------------------------------

==============================================================================


      Code (inc. data)   RO Data    RW Data    ZI Data      Debug   

     12708        542        588          0       1664      25689   Grand Totals
     12708        542        588          0       1664      25689   ELF Image Totals
     12708        542        588          0          0          0   ROM Totals

==============================================================================

    Total RO  Size (Code + RO Data)                13296 (  12.98kB)
    Total RW  Size (RW Data + ZI Data)              1664 (   1.63kB)
    Total ROM Size (Code + RO Data + RW Data)      13296 (  12.98kB)

==============================================================================

